[2026-01-27 18:55:45] [VirtualScreening] [INFO] ======================================================================
[2026-01-27 18:55:45] [VirtualScreening] [INFO] 🔍 VERIFICANDO DEPENDÊNCIAS
[2026-01-27 18:55:45] [VirtualScreening] [INFO] ======================================================================
[2026-01-27 18:55:45] [VirtualScreening] [INFO] ✅ Ferramenta encontrada: vina
[2026-01-27 18:55:45] [VirtualScreening] [INFO] ✅ Ferramenta encontrada: obabel
[2026-01-27 18:55:45] [VirtualScreening] [INFO] ✅ Ferramenta encontrada: plip
[2026-01-27 18:55:45] [VirtualScreening] [INFO] ✅ Todas as dependências validadas!

[2026-01-27 18:55:45] [VirtualScreening] [INFO] 📋 Alvos: ['mapk', 'pdrk']
[2026-01-27 18:55:45] [VirtualScreening] [INFO] 💊 Drogas: ['Iprodione', 'Fludioxonil', 'pepstatin_3D_minimizado']
[2026-01-27 18:55:45] [VirtualScreening] [INFO] 📊 Total de combinações: 6

[2026-01-27 18:55:45] [VirtualScreening] [INFO] 
======================================================================
[2026-01-27 18:55:45] [VirtualScreening] [INFO] 📋 SCRIPTS OPCIONAIS DISPONÍVEIS
[2026-01-27 18:55:45] [VirtualScreening] [INFO] ======================================================================
[2026-01-27 18:56:35] [VirtualScreening] [INFO] ✅ 5 script(s) opcional(is) ATIVADO(S): ['refinar_grid', 'seletividade', 'motivos', 'colorir', 'proximidade']
[2026-01-27 18:56:35] [VirtualScreening] [INFO] Passo 1/2: Configurando arquivos...
[2026-01-27 18:56:35] [VirtualScreening] [INFO] Preparando pasta para: mapk vs Iprodione
[2026-01-27 18:56:35] [VirtualScreening] [INFO] 🔍 Buscando proteína mapk...
[2026-01-27 18:56:35] [VirtualScreening] [INFO] ✅ Encontrado em templates/proteins: mapk.pdb
[2026-01-27 18:56:35] [VirtualScreening] [INFO] ✅ Proteína copiada: templates/proteins/mapk.pdb → screening_results/mapk_Iprodione/mapk.pdb
[2026-01-27 18:56:35] [VirtualScreening] [INFO] 🔍 Buscando ligante Iprodione...
[2026-01-27 18:56:35] [VirtualScreening] [INFO] ✅ Encontrado em templates/drugs: Iprodione.sdf
[2026-01-27 18:56:35] [VirtualScreening] [INFO] ✅ Ligante copiado: templates/drugs/Iprodione.sdf → screening_results/mapk_Iprodione/Iprodione.sdf
[2026-01-27 18:56:35] [VirtualScreening] [INFO] ✅ Pasta preparada com sucesso: screening_results/mapk_Iprodione
[2026-01-27 18:56:35] [VirtualScreening] [INFO] Passo 2/2: Executando pipeline de análise...
[2026-01-27 18:56:35] [VirtualScreening] [INFO] 📌 Adicionando passo opcional ao pipeline: refinar_grid
[2026-01-27 18:56:35] [VirtualScreening] [INFO] 📌 Adicionando passo opcional ao pipeline: seletividade
[2026-01-27 18:56:35] [VirtualScreening] [INFO] 📌 Adicionando passo opcional ao pipeline: motivos
[2026-01-27 18:56:35] [VirtualScreening] [INFO] 📌 Adicionando passo opcional ao pipeline: colorir
[2026-01-27 18:56:35] [VirtualScreening] [INFO] 📌 Adicionando passo opcional ao pipeline: proximidade
[2026-01-27 18:56:35] [VirtualScreening] [INFO] 
======================================================================
[2026-01-27 18:56:35] [VirtualScreening] [INFO] [preparacao] Limpeza e conversão PDBQT
[2026-01-27 18:56:35] [VirtualScreening] [INFO] ======================================================================
[2026-01-27 18:56:35] [VirtualScreening] [INFO] [preparacao] ✅ Execução concluída
[2026-01-27 18:56:35] [VirtualScreening] [INFO] [preparacao] ✅ Arquivos de saída validados
[2026-01-27 18:56:35] [VirtualScreening] [INFO] [preparacao] ⏱️  Tempo: 0.5s
[2026-01-27 18:56:35] [VirtualScreening] [INFO] 
======================================================================
[2026-01-27 18:56:35] [VirtualScreening] [INFO] [gridbox] Calculando coordenadas do sítio ativo
[2026-01-27 18:56:35] [VirtualScreening] [INFO] ======================================================================
[2026-01-27 18:56:35] [VirtualScreening] [INFO] [gridbox] ✅ Execução concluída
[2026-01-27 18:56:35] [VirtualScreening] [ERROR] [gridbox] Arquivos de saída não foram criados: ['screening_results/mapk_Iprodione/config.txt']
[2026-01-27 18:56:35] [VirtualScreening] [ERROR] [gridbox] ❌ Validação de saída falhou
[2026-01-27 18:56:35] [VirtualScreening] [ERROR] ❌ Pipeline falhou no passo: gridbox
[2026-01-27 18:56:35] [VirtualScreening] [INFO] 
======================================================================
[2026-01-27 18:56:35] [VirtualScreening] [INFO] [grid_cego] Blind docking - cobre proteína toda (fallback se gridbox falhar)
[2026-01-27 18:56:35] [VirtualScreening] [INFO] ======================================================================
[2026-01-27 18:56:35] [VirtualScreening] [INFO] [grid_cego] ✅ Execução concluída
[2026-01-27 18:56:35] [VirtualScreening] [INFO] [grid_cego] ✅ Arquivos de saída validados
[2026-01-27 18:56:35] [VirtualScreening] [INFO] [grid_cego] ⏱️  Tempo: 0.1s
[2026-01-27 18:56:35] [VirtualScreening] [INFO] 
======================================================================
[2026-01-27 18:56:35] [VirtualScreening] [INFO] [docking] Simulação de encaixe molecular (Vina)
[2026-01-27 18:56:35] [VirtualScreening] [INFO] ======================================================================
[2026-01-27 18:56:42] [VirtualScreening] [INFO] [docking] ✅ Execução concluída
[2026-01-27 18:56:42] [VirtualScreening] [INFO] [docking] ✅ Arquivos de saída validados
[2026-01-27 18:56:42] [VirtualScreening] [INFO] [docking] ⏱️  Tempo: 6.8s
[2026-01-27 18:56:42] [VirtualScreening] [INFO] 
======================================================================
[2026-01-27 18:56:42] [VirtualScreening] [INFO] [quimica] Avaliação de propriedades de fármaco
[2026-01-27 18:56:42] [VirtualScreening] [INFO] ======================================================================
[2026-01-27 18:56:42] [VirtualScreening] [ERROR] Comando falhou: python3 /home/brilha/bioinformatica/codigos_mestres/scripts/analise/analise_quimica_completa.py screening_results/mapk_Iprodione
Erro: Traceback (most recent call last):
  File "/home/brilha/bioinformatica/codigos_mestres/scripts/analise/analise_quimica_completa.py", line 93, in <module>
    analisar_molecula(arquivo_input)
  File "/home/brilha/bioinformatica/codigos_mestres/scripts/analise/analise_quimica_completa.py", line 10, in analisar_molecula
    suppl = Chem.SDMolSupplier(sdf_path, sanitize=False)
            ^^^^^^^^^^^^^^^^^^^^^^^^^^^^^^^^^^^^^^^^^^^^
OSError: File error: Invalid input file screening_results/mapk_Iprodione

[2026-01-27 18:56:42] [VirtualScreening] [ERROR] [quimica] ❌ Execução falhou
[2026-01-27 18:56:42] [VirtualScreening] [ERROR] ❌ Pipeline falhou no passo: quimica
[2026-01-27 18:56:42] [VirtualScreening] [INFO] 
======================================================================
[2026-01-27 18:56:42] [VirtualScreening] [INFO] [plip] Mapeamento de interações atômicas (PLIP)
[2026-01-27 18:56:42] [VirtualScreening] [INFO] ======================================================================
[2026-01-27 18:56:43] [VirtualScreening] [INFO] [plip] ✅ Execução concluída
[2026-01-27 18:56:43] [VirtualScreening] [INFO] [plip] ⏱️  Tempo: 0.6s
[2026-01-27 18:56:43] [VirtualScreening] [INFO] 
======================================================================
[2026-01-27 18:56:43] [VirtualScreening] [INFO] [prolif] Diagrama interativo ProLIF
[2026-01-27 18:56:43] [VirtualScreening] [INFO] ======================================================================
[2026-01-27 18:56:44] [VirtualScreening] [INFO] [prolif] ✅ Execução concluída
[2026-01-27 18:56:44] [VirtualScreening] [INFO] [prolif] ⏱️  Tempo: 0.7s
[2026-01-27 18:56:44] [VirtualScreening] [INFO] 
======================================================================
[2026-01-27 18:56:44] [VirtualScreening] [INFO] [relatorio] Compilação do relatório final
[2026-01-27 18:56:44] [VirtualScreening] [INFO] ======================================================================
[2026-01-27 18:56:44] [VirtualScreening] [INFO] [relatorio] ✅ Execução concluída
[2026-01-27 18:56:44] [VirtualScreening] [INFO] [relatorio] ✅ Arquivos de saída validados
[2026-01-27 18:56:44] [VirtualScreening] [INFO] [relatorio] ⏱️  Tempo: 0.2s
[2026-01-27 18:56:44] [VirtualScreening] [ERROR] ❌ Erro ao executar passo refinar_grid: StepConfig.__init__() got an unexpected keyword argument 'category'
[2026-01-27 18:56:44] [VirtualScreening] [INFO] Passo 1/2: Configurando arquivos...
[2026-01-27 18:56:44] [VirtualScreening] [INFO] Preparando pasta para: mapk vs Fludioxonil
[2026-01-27 18:56:44] [VirtualScreening] [INFO] 🔍 Buscando proteína mapk...
[2026-01-27 18:56:44] [VirtualScreening] [INFO] ✅ Encontrado em templates/proteins: mapk.pdb
[2026-01-27 18:56:44] [VirtualScreening] [INFO] ✅ Proteína copiada: templates/proteins/mapk.pdb → screening_results/mapk_Fludioxonil/mapk.pdb
[2026-01-27 18:56:44] [VirtualScreening] [INFO] 🔍 Buscando ligante Fludioxonil...
[2026-01-27 18:56:44] [VirtualScreening] [INFO] ✅ Encontrado em templates/drugs: Fludioxonil.sdf
[2026-01-27 18:56:44] [VirtualScreening] [INFO] ✅ Ligante copiado: templates/drugs/Fludioxonil.sdf → screening_results/mapk_Fludioxonil/Fludioxonil.sdf
[2026-01-27 18:56:44] [VirtualScreening] [INFO] ✅ Pasta preparada com sucesso: screening_results/mapk_Fludioxonil
[2026-01-27 18:56:44] [VirtualScreening] [INFO] Passo 2/2: Executando pipeline de análise...
[2026-01-27 18:56:44] [VirtualScreening] [INFO] 📌 Adicionando passo opcional ao pipeline: refinar_grid
[2026-01-27 18:56:44] [VirtualScreening] [INFO] 📌 Adicionando passo opcional ao pipeline: seletividade
[2026-01-27 18:56:44] [VirtualScreening] [INFO] 📌 Adicionando passo opcional ao pipeline: motivos
[2026-01-27 18:56:44] [VirtualScreening] [INFO] 📌 Adicionando passo opcional ao pipeline: colorir
[2026-01-27 18:56:44] [VirtualScreening] [INFO] 📌 Adicionando passo opcional ao pipeline: proximidade
[2026-01-27 18:56:44] [VirtualScreening] [INFO] 
======================================================================
[2026-01-27 18:56:44] [VirtualScreening] [INFO] [preparacao] Limpeza e conversão PDBQT
[2026-01-27 18:56:44] [VirtualScreening] [INFO] ======================================================================
[2026-01-27 18:56:44] [VirtualScreening] [INFO] [preparacao] ✅ Execução concluída
[2026-01-27 18:56:44] [VirtualScreening] [INFO] [preparacao] ✅ Arquivos de saída validados
[2026-01-27 18:56:44] [VirtualScreening] [INFO] [preparacao] ⏱️  Tempo: 0.5s
[2026-01-27 18:56:44] [VirtualScreening] [INFO] 
======================================================================
[2026-01-27 18:56:44] [VirtualScreening] [INFO] [gridbox] Calculando coordenadas do sítio ativo
[2026-01-27 18:56:44] [VirtualScreening] [INFO] ======================================================================
[2026-01-27 18:56:45] [VirtualScreening] [INFO] [gridbox] ✅ Execução concluída
[2026-01-27 18:56:45] [VirtualScreening] [ERROR] [gridbox] Arquivos de saída não foram criados: ['screening_results/mapk_Fludioxonil/config.txt']
[2026-01-27 18:56:45] [VirtualScreening] [ERROR] [gridbox] ❌ Validação de saída falhou
[2026-01-27 18:56:45] [VirtualScreening] [ERROR] ❌ Pipeline falhou no passo: gridbox
[2026-01-27 18:56:45] [VirtualScreening] [INFO] 
======================================================================
[2026-01-27 18:56:45] [VirtualScreening] [INFO] [grid_cego] Blind docking - cobre proteína toda (fallback se gridbox falhar)
[2026-01-27 18:56:45] [VirtualScreening] [INFO] ======================================================================
[2026-01-27 18:56:45] [VirtualScreening] [INFO] [grid_cego] ✅ Execução concluída
[2026-01-27 18:56:45] [VirtualScreening] [INFO] [grid_cego] ✅ Arquivos de saída validados
[2026-01-27 18:56:45] [VirtualScreening] [INFO] [grid_cego] ⏱️  Tempo: 0.1s
[2026-01-27 18:56:45] [VirtualScreening] [INFO] 
======================================================================
[2026-01-27 18:56:45] [VirtualScreening] [INFO] [docking] Simulação de encaixe molecular (Vina)
[2026-01-27 18:56:45] [VirtualScreening] [INFO] ======================================================================
[2026-01-27 18:56:51] [VirtualScreening] [INFO] [docking] ✅ Execução concluída
[2026-01-27 18:56:51] [VirtualScreening] [INFO] [docking] ✅ Arquivos de saída validados
[2026-01-27 18:56:51] [VirtualScreening] [INFO] [docking] ⏱️  Tempo: 6.1s
[2026-01-27 18:56:51] [VirtualScreening] [INFO] 
======================================================================
[2026-01-27 18:56:51] [VirtualScreening] [INFO] [quimica] Avaliação de propriedades de fármaco
[2026-01-27 18:56:51] [VirtualScreening] [INFO] ======================================================================
[2026-01-27 18:56:51] [VirtualScreening] [ERROR] Comando falhou: python3 /home/brilha/bioinformatica/codigos_mestres/scripts/analise/analise_quimica_completa.py screening_results/mapk_Fludioxonil
Erro: Traceback (most recent call last):
  File "/home/brilha/bioinformatica/codigos_mestres/scripts/analise/analise_quimica_completa.py", line 93, in <module>
    analisar_molecula(arquivo_input)
  File "/home/brilha/bioinformatica/codigos_mestres/scripts/analise/analise_quimica_completa.py", line 10, in analisar_molecula
    suppl = Chem.SDMolSupplier(sdf_path, sanitize=False)
            ^^^^^^^^^^^^^^^^^^^^^^^^^^^^^^^^^^^^^^^^^^^^
OSError: File error: Invalid input file screening_results/mapk_Fludioxonil

[2026-01-27 18:56:51] [VirtualScreening] [ERROR] [quimica] ❌ Execução falhou
[2026-01-27 18:56:51] [VirtualScreening] [ERROR] ❌ Pipeline falhou no passo: quimica
[2026-01-27 18:56:51] [VirtualScreening] [INFO] 
======================================================================
[2026-01-27 18:56:51] [VirtualScreening] [INFO] [plip] Mapeamento de interações atômicas (PLIP)
[2026-01-27 18:56:51] [VirtualScreening] [INFO] ======================================================================
[2026-01-27 18:56:51] [VirtualScreening] [INFO] [plip] ✅ Execução concluída
[2026-01-27 18:56:51] [VirtualScreening] [INFO] [plip] ⏱️  Tempo: 0.6s
[2026-01-27 18:56:51] [VirtualScreening] [INFO] 
======================================================================
[2026-01-27 18:56:51] [VirtualScreening] [INFO] [prolif] Diagrama interativo ProLIF
[2026-01-27 18:56:51] [VirtualScreening] [INFO] ======================================================================
[2026-01-27 18:56:52] [VirtualScreening] [INFO] [prolif] ✅ Execução concluída
[2026-01-27 18:56:52] [VirtualScreening] [INFO] [prolif] ⏱️  Tempo: 0.7s
[2026-01-27 18:56:52] [VirtualScreening] [INFO] 
======================================================================
[2026-01-27 18:56:52] [VirtualScreening] [INFO] [relatorio] Compilação do relatório final
[2026-01-27 18:56:52] [VirtualScreening] [INFO] ======================================================================
[2026-01-27 18:56:52] [VirtualScreening] [INFO] [relatorio] ✅ Execução concluída
[2026-01-27 18:56:52] [VirtualScreening] [INFO] [relatorio] ✅ Arquivos de saída validados
[2026-01-27 18:56:52] [VirtualScreening] [INFO] [relatorio] ⏱️  Tempo: 0.2s
[2026-01-27 18:56:52] [VirtualScreening] [ERROR] ❌ Erro ao executar passo refinar_grid: StepConfig.__init__() got an unexpected keyword argument 'category'
[2026-01-27 18:56:52] [VirtualScreening] [INFO] Passo 1/2: Configurando arquivos...
[2026-01-27 18:56:52] [VirtualScreening] [INFO] Preparando pasta para: mapk vs pepstatin_3D_minimizado
[2026-01-27 18:56:52] [VirtualScreening] [INFO] 🔍 Buscando proteína mapk...
[2026-01-27 18:56:52] [VirtualScreening] [INFO] ✅ Encontrado em templates/proteins: mapk.pdb
[2026-01-27 18:56:52] [VirtualScreening] [INFO] ✅ Proteína copiada: templates/proteins/mapk.pdb → screening_results/mapk_pepstatin_3D_minimizado/mapk.pdb
[2026-01-27 18:56:52] [VirtualScreening] [INFO] 🔍 Buscando ligante pepstatin_3D_minimizado...
[2026-01-27 18:56:52] [VirtualScreening] [INFO] ✅ Encontrado em templates/drugs: pepstatin_3D_minimizado.sdf
[2026-01-27 18:56:52] [VirtualScreening] [INFO] ✅ Ligante copiado: templates/drugs/pepstatin_3D_minimizado.sdf → screening_results/mapk_pepstatin_3D_minimizado/pepstatin_3D_minimizado.sdf
[2026-01-27 18:56:52] [VirtualScreening] [INFO] ✅ Pasta preparada com sucesso: screening_results/mapk_pepstatin_3D_minimizado
[2026-01-27 18:56:52] [VirtualScreening] [INFO] Passo 2/2: Executando pipeline de análise...
[2026-01-27 18:56:52] [VirtualScreening] [INFO] 📌 Adicionando passo opcional ao pipeline: refinar_grid
[2026-01-27 18:56:52] [VirtualScreening] [INFO] 📌 Adicionando passo opcional ao pipeline: seletividade
[2026-01-27 18:56:52] [VirtualScreening] [INFO] 📌 Adicionando passo opcional ao pipeline: motivos
[2026-01-27 18:56:52] [VirtualScreening] [INFO] 📌 Adicionando passo opcional ao pipeline: colorir
[2026-01-27 18:56:52] [VirtualScreening] [INFO] 📌 Adicionando passo opcional ao pipeline: proximidade
[2026-01-27 18:56:52] [VirtualScreening] [INFO] 
======================================================================
[2026-01-27 18:56:52] [VirtualScreening] [INFO] [preparacao] Limpeza e conversão PDBQT
[2026-01-27 18:56:52] [VirtualScreening] [INFO] ======================================================================
[2026-01-27 18:56:53] [VirtualScreening] [INFO] [preparacao] ✅ Execução concluída
[2026-01-27 18:56:53] [VirtualScreening] [INFO] [preparacao] ✅ Arquivos de saída validados
[2026-01-27 18:56:53] [VirtualScreening] [INFO] [preparacao] ⏱️  Tempo: 0.7s
[2026-01-27 18:56:53] [VirtualScreening] [INFO] 
======================================================================
[2026-01-27 18:56:53] [VirtualScreening] [INFO] [gridbox] Calculando coordenadas do sítio ativo
[2026-01-27 18:56:53] [VirtualScreening] [INFO] ======================================================================
[2026-01-27 18:56:53] [VirtualScreening] [INFO] [gridbox] ✅ Execução concluída
[2026-01-27 18:56:53] [VirtualScreening] [ERROR] [gridbox] Arquivos de saída não foram criados: ['screening_results/mapk_pepstatin_3D_minimizado/config.txt']
[2026-01-27 18:56:53] [VirtualScreening] [ERROR] [gridbox] ❌ Validação de saída falhou
[2026-01-27 18:56:53] [VirtualScreening] [ERROR] ❌ Pipeline falhou no passo: gridbox
[2026-01-27 18:56:53] [VirtualScreening] [INFO] 
======================================================================
[2026-01-27 18:56:53] [VirtualScreening] [INFO] [grid_cego] Blind docking - cobre proteína toda (fallback se gridbox falhar)
[2026-01-27 18:56:53] [VirtualScreening] [INFO] ======================================================================
[2026-01-27 18:56:53] [VirtualScreening] [INFO] [grid_cego] ✅ Execução concluída
[2026-01-27 18:56:53] [VirtualScreening] [INFO] [grid_cego] ✅ Arquivos de saída validados
[2026-01-27 18:56:53] [VirtualScreening] [INFO] [grid_cego] ⏱️  Tempo: 0.1s
[2026-01-27 18:56:53] [VirtualScreening] [INFO] 
======================================================================
[2026-01-27 18:56:53] [VirtualScreening] [INFO] [docking] Simulação de encaixe molecular (Vina)
[2026-01-27 18:56:53] [VirtualScreening] [INFO] ======================================================================
[2026-01-27 18:57:55] [VirtualScreening] [INFO] [docking] ✅ Execução concluída
[2026-01-27 18:57:55] [VirtualScreening] [INFO] [docking] ✅ Arquivos de saída validados
[2026-01-27 18:57:55] [VirtualScreening] [INFO] [docking] ⏱️  Tempo: 1.0min
[2026-01-27 18:57:55] [VirtualScreening] [INFO] 
======================================================================
[2026-01-27 18:57:55] [VirtualScreening] [INFO] [quimica] Avaliação de propriedades de fármaco
[2026-01-27 18:57:55] [VirtualScreening] [INFO] ======================================================================
[2026-01-27 18:57:55] [VirtualScreening] [ERROR] Comando falhou: python3 /home/brilha/bioinformatica/codigos_mestres/scripts/analise/analise_quimica_completa.py screening_results/mapk_pepstatin_3D_minimizado
Erro: Traceback (most recent call last):
  File "/home/brilha/bioinformatica/codigos_mestres/scripts/analise/analise_quimica_completa.py", line 93, in <module>
    analisar_molecula(arquivo_input)
  File "/home/brilha/bioinformatica/codigos_mestres/scripts/analise/analise_quimica_completa.py", line 10, in analisar_molecula
    suppl = Chem.SDMolSupplier(sdf_path, sanitize=False)
            ^^^^^^^^^^^^^^^^^^^^^^^^^^^^^^^^^^^^^^^^^^^^
OSError: File error: Invalid input file screening_results/mapk_pepstatin_3D_minimizado

[2026-01-27 18:57:55] [VirtualScreening] [ERROR] [quimica] ❌ Execução falhou
[2026-01-27 18:57:55] [VirtualScreening] [ERROR] ❌ Pipeline falhou no passo: quimica
[2026-01-27 18:57:55] [VirtualScreening] [INFO] 
======================================================================
[2026-01-27 18:57:55] [VirtualScreening] [INFO] [plip] Mapeamento de interações atômicas (PLIP)
[2026-01-27 18:57:55] [VirtualScreening] [INFO] ======================================================================
[2026-01-27 18:57:56] [VirtualScreening] [INFO] [plip] ✅ Execução concluída
[2026-01-27 18:57:56] [VirtualScreening] [INFO] [plip] ⏱️  Tempo: 0.6s
[2026-01-27 18:57:56] [VirtualScreening] [INFO] 
======================================================================
[2026-01-27 18:57:56] [VirtualScreening] [INFO] [prolif] Diagrama interativo ProLIF
[2026-01-27 18:57:56] [VirtualScreening] [INFO] ======================================================================
[2026-01-27 18:57:56] [VirtualScreening] [INFO] [prolif] ✅ Execução concluída
[2026-01-27 18:57:56] [VirtualScreening] [INFO] [prolif] ⏱️  Tempo: 0.7s
[2026-01-27 18:57:56] [VirtualScreening] [INFO] 
======================================================================
[2026-01-27 18:57:56] [VirtualScreening] [INFO] [relatorio] Compilação do relatório final
[2026-01-27 18:57:56] [VirtualScreening] [INFO] ======================================================================
[2026-01-27 18:57:57] [VirtualScreening] [INFO] [relatorio] ✅ Execução concluída
[2026-01-27 18:57:57] [VirtualScreening] [INFO] [relatorio] ✅ Arquivos de saída validados
[2026-01-27 18:57:57] [VirtualScreening] [INFO] [relatorio] ⏱️  Tempo: 0.2s
[2026-01-27 18:57:57] [VirtualScreening] [ERROR] ❌ Erro ao executar passo refinar_grid: StepConfig.__init__() got an unexpected keyword argument 'category'
[2026-01-27 18:57:57] [VirtualScreening] [INFO] Passo 1/2: Configurando arquivos...
[2026-01-27 18:57:57] [VirtualScreening] [INFO] Preparando pasta para: pdrk vs Iprodione
[2026-01-27 18:57:57] [VirtualScreening] [INFO] 🔍 Buscando proteína pdrk...
[2026-01-27 18:57:57] [VirtualScreening] [INFO] ✅ Encontrado em templates/proteins: pdrk.pdb
[2026-01-27 18:57:57] [VirtualScreening] [INFO] ✅ Proteína copiada: templates/proteins/pdrk.pdb → screening_results/pdrk_Iprodione/pdrk.pdb
[2026-01-27 18:57:57] [VirtualScreening] [INFO] 🔍 Buscando ligante Iprodione...
[2026-01-27 18:57:57] [VirtualScreening] [INFO] ✅ Encontrado em templates/drugs: Iprodione.sdf
[2026-01-27 18:57:57] [VirtualScreening] [INFO] ✅ Ligante copiado: templates/drugs/Iprodione.sdf → screening_results/pdrk_Iprodione/Iprodione.sdf
[2026-01-27 18:57:57] [VirtualScreening] [INFO] ✅ Pasta preparada com sucesso: screening_results/pdrk_Iprodione
[2026-01-27 18:57:57] [VirtualScreening] [INFO] Passo 2/2: Executando pipeline de análise...
[2026-01-27 18:57:57] [VirtualScreening] [INFO] 📌 Adicionando passo opcional ao pipeline: refinar_grid
[2026-01-27 18:57:57] [VirtualScreening] [INFO] 📌 Adicionando passo opcional ao pipeline: seletividade
[2026-01-27 18:57:57] [VirtualScreening] [INFO] 📌 Adicionando passo opcional ao pipeline: motivos
[2026-01-27 18:57:57] [VirtualScreening] [INFO] 📌 Adicionando passo opcional ao pipeline: colorir
[2026-01-27 18:57:57] [VirtualScreening] [INFO] 📌 Adicionando passo opcional ao pipeline: proximidade
[2026-01-27 18:57:57] [VirtualScreening] [INFO] 
======================================================================
[2026-01-27 18:57:57] [VirtualScreening] [INFO] [preparacao] Limpeza e conversão PDBQT
[2026-01-27 18:57:57] [VirtualScreening] [INFO] ======================================================================
[2026-01-27 18:57:57] [VirtualScreening] [INFO] [preparacao] ✅ Execução concluída
[2026-01-27 18:57:57] [VirtualScreening] [INFO] [preparacao] ✅ Arquivos de saída validados
[2026-01-27 18:57:57] [VirtualScreening] [INFO] [preparacao] ⏱️  Tempo: 0.7s
[2026-01-27 18:57:57] [VirtualScreening] [INFO] 
======================================================================
[2026-01-27 18:57:57] [VirtualScreening] [INFO] [gridbox] Calculando coordenadas do sítio ativo
[2026-01-27 18:57:57] [VirtualScreening] [INFO] ======================================================================
[2026-01-27 18:57:58] [VirtualScreening] [INFO] [gridbox] ✅ Execução concluída
[2026-01-27 18:57:58] [VirtualScreening] [ERROR] [gridbox] Arquivos de saída não foram criados: ['screening_results/pdrk_Iprodione/config.txt']
[2026-01-27 18:57:58] [VirtualScreening] [ERROR] [gridbox] ❌ Validação de saída falhou
[2026-01-27 18:57:58] [VirtualScreening] [ERROR] ❌ Pipeline falhou no passo: gridbox
[2026-01-27 18:57:58] [VirtualScreening] [INFO] 
======================================================================
[2026-01-27 18:57:58] [VirtualScreening] [INFO] [grid_cego] Blind docking - cobre proteína toda (fallback se gridbox falhar)
[2026-01-27 18:57:58] [VirtualScreening] [INFO] ======================================================================
[2026-01-27 18:57:58] [VirtualScreening] [INFO] [grid_cego] ✅ Execução concluída
[2026-01-27 18:57:58] [VirtualScreening] [INFO] [grid_cego] ✅ Arquivos de saída validados
[2026-01-27 18:57:58] [VirtualScreening] [INFO] [grid_cego] ⏱️  Tempo: 0.1s
[2026-01-27 18:57:58] [VirtualScreening] [INFO] 
======================================================================
[2026-01-27 18:57:58] [VirtualScreening] [INFO] [docking] Simulação de encaixe molecular (Vina)
[2026-01-27 18:57:58] [VirtualScreening] [INFO] ======================================================================
[2026-01-27 18:58:31] [VirtualScreening] [INFO] [docking] ✅ Execução concluída
[2026-01-27 18:58:31] [VirtualScreening] [INFO] [docking] ✅ Arquivos de saída validados
[2026-01-27 18:58:31] [VirtualScreening] [INFO] [docking] ⏱️  Tempo: 33.1s
[2026-01-27 18:58:31] [VirtualScreening] [INFO] 
======================================================================
[2026-01-27 18:58:31] [VirtualScreening] [INFO] [quimica] Avaliação de propriedades de fármaco
[2026-01-27 18:58:31] [VirtualScreening] [INFO] ======================================================================
[2026-01-27 18:58:31] [VirtualScreening] [ERROR] Comando falhou: python3 /home/brilha/bioinformatica/codigos_mestres/scripts/analise/analise_quimica_completa.py screening_results/pdrk_Iprodione
Erro: Traceback (most recent call last):
  File "/home/brilha/bioinformatica/codigos_mestres/scripts/analise/analise_quimica_completa.py", line 93, in <module>
    analisar_molecula(arquivo_input)
  File "/home/brilha/bioinformatica/codigos_mestres/scripts/analise/analise_quimica_completa.py", line 10, in analisar_molecula
    suppl = Chem.SDMolSupplier(sdf_path, sanitize=False)
            ^^^^^^^^^^^^^^^^^^^^^^^^^^^^^^^^^^^^^^^^^^^^
OSError: File error: Invalid input file screening_results/pdrk_Iprodione

[2026-01-27 18:58:31] [VirtualScreening] [ERROR] [quimica] ❌ Execução falhou
[2026-01-27 18:58:31] [VirtualScreening] [ERROR] ❌ Pipeline falhou no passo: quimica
[2026-01-27 18:58:31] [VirtualScreening] [INFO] 
======================================================================
[2026-01-27 18:58:31] [VirtualScreening] [INFO] [plip] Mapeamento de interações atômicas (PLIP)
[2026-01-27 18:58:31] [VirtualScreening] [INFO] ======================================================================
[2026-01-27 18:58:32] [VirtualScreening] [INFO] [plip] ✅ Execução concluída
[2026-01-27 18:58:32] [VirtualScreening] [INFO] [plip] ⏱️  Tempo: 0.7s
[2026-01-27 18:58:32] [VirtualScreening] [INFO] 
======================================================================
[2026-01-27 18:58:32] [VirtualScreening] [INFO] [prolif] Diagrama interativo ProLIF
[2026-01-27 18:58:32] [VirtualScreening] [INFO] ======================================================================
[2026-01-27 18:58:32] [VirtualScreening] [INFO] [prolif] ✅ Execução concluída
[2026-01-27 18:58:32] [VirtualScreening] [INFO] [prolif] ⏱️  Tempo: 0.6s
[2026-01-27 18:58:32] [VirtualScreening] [INFO] 
======================================================================
[2026-01-27 18:58:32] [VirtualScreening] [INFO] [relatorio] Compilação do relatório final
[2026-01-27 18:58:32] [VirtualScreening] [INFO] ======================================================================
[2026-01-27 18:58:32] [VirtualScreening] [INFO] [relatorio] ✅ Execução concluída
[2026-01-27 18:58:32] [VirtualScreening] [INFO] [relatorio] ✅ Arquivos de saída validados
[2026-01-27 18:58:32] [VirtualScreening] [INFO] [relatorio] ⏱️  Tempo: 0.2s
[2026-01-27 18:58:32] [VirtualScreening] [ERROR] ❌ Erro ao executar passo refinar_grid: StepConfig.__init__() got an unexpected keyword argument 'category'
[2026-01-27 18:58:32] [VirtualScreening] [INFO] Passo 1/2: Configurando arquivos...
[2026-01-27 18:58:32] [VirtualScreening] [INFO] Preparando pasta para: pdrk vs Fludioxonil
[2026-01-27 18:58:32] [VirtualScreening] [INFO] 🔍 Buscando proteína pdrk...
[2026-01-27 18:58:32] [VirtualScreening] [INFO] ✅ Encontrado em templates/proteins: pdrk.pdb
[2026-01-27 18:58:32] [VirtualScreening] [INFO] ✅ Proteína copiada: templates/proteins/pdrk.pdb → screening_results/pdrk_Fludioxonil/pdrk.pdb
[2026-01-27 18:58:32] [VirtualScreening] [INFO] 🔍 Buscando ligante Fludioxonil...
[2026-01-27 18:58:32] [VirtualScreening] [INFO] ✅ Encontrado em templates/drugs: Fludioxonil.sdf
[2026-01-27 18:58:32] [VirtualScreening] [INFO] ✅ Ligante copiado: templates/drugs/Fludioxonil.sdf → screening_results/pdrk_Fludioxonil/Fludioxonil.sdf
[2026-01-27 18:58:32] [VirtualScreening] [INFO] ✅ Pasta preparada com sucesso: screening_results/pdrk_Fludioxonil
[2026-01-27 18:58:32] [VirtualScreening] [INFO] Passo 2/2: Executando pipeline de análise...
[2026-01-27 18:58:32] [VirtualScreening] [INFO] 📌 Adicionando passo opcional ao pipeline: refinar_grid
[2026-01-27 18:58:32] [VirtualScreening] [INFO] 📌 Adicionando passo opcional ao pipeline: seletividade
[2026-01-27 18:58:32] [VirtualScreening] [INFO] 📌 Adicionando passo opcional ao pipeline: motivos
[2026-01-27 18:58:32] [VirtualScreening] [INFO] 📌 Adicionando passo opcional ao pipeline: colorir
[2026-01-27 18:58:32] [VirtualScreening] [INFO] 📌 Adicionando passo opcional ao pipeline: proximidade
[2026-01-27 18:58:32] [VirtualScreening] [INFO] 
======================================================================
[2026-01-27 18:58:32] [VirtualScreening] [INFO] [preparacao] Limpeza e conversão PDBQT
[2026-01-27 18:58:32] [VirtualScreening] [INFO] ======================================================================
[2026-01-27 18:58:33] [VirtualScreening] [INFO] [preparacao] ✅ Execução concluída
[2026-01-27 18:58:33] [VirtualScreening] [INFO] [preparacao] ✅ Arquivos de saída validados
[2026-01-27 18:58:33] [VirtualScreening] [INFO] [preparacao] ⏱️  Tempo: 0.7s
[2026-01-27 18:58:33] [VirtualScreening] [INFO] 
======================================================================
[2026-01-27 18:58:33] [VirtualScreening] [INFO] [gridbox] Calculando coordenadas do sítio ativo
[2026-01-27 18:58:33] [VirtualScreening] [INFO] ======================================================================
[2026-01-27 18:58:33] [VirtualScreening] [INFO] [gridbox] ✅ Execução concluída
[2026-01-27 18:58:33] [VirtualScreening] [ERROR] [gridbox] Arquivos de saída não foram criados: ['screening_results/pdrk_Fludioxonil/config.txt']
[2026-01-27 18:58:33] [VirtualScreening] [ERROR] [gridbox] ❌ Validação de saída falhou
[2026-01-27 18:58:33] [VirtualScreening] [ERROR] ❌ Pipeline falhou no passo: gridbox
[2026-01-27 18:58:33] [VirtualScreening] [INFO] 
======================================================================
[2026-01-27 18:58:33] [VirtualScreening] [INFO] [grid_cego] Blind docking - cobre proteína toda (fallback se gridbox falhar)
[2026-01-27 18:58:33] [VirtualScreening] [INFO] ======================================================================
[2026-01-27 18:58:34] [VirtualScreening] [INFO] [grid_cego] ✅ Execução concluída
[2026-01-27 18:58:34] [VirtualScreening] [INFO] [grid_cego] ✅ Arquivos de saída validados
[2026-01-27 18:58:34] [VirtualScreening] [INFO] [grid_cego] ⏱️  Tempo: 0.1s
[2026-01-27 18:58:34] [VirtualScreening] [INFO] 
======================================================================
[2026-01-27 18:58:34] [VirtualScreening] [INFO] [docking] Simulação de encaixe molecular (Vina)
[2026-01-27 18:58:34] [VirtualScreening] [INFO] ======================================================================
[2026-01-27 18:59:05] [VirtualScreening] [INFO] [docking] ✅ Execução concluída
[2026-01-27 18:59:05] [VirtualScreening] [INFO] [docking] ✅ Arquivos de saída validados
[2026-01-27 18:59:05] [VirtualScreening] [INFO] [docking] ⏱️  Tempo: 31.5s
[2026-01-27 18:59:05] [VirtualScreening] [INFO] 
======================================================================
[2026-01-27 18:59:05] [VirtualScreening] [INFO] [quimica] Avaliação de propriedades de fármaco
[2026-01-27 18:59:05] [VirtualScreening] [INFO] ======================================================================
[2026-01-27 18:59:05] [VirtualScreening] [ERROR] Comando falhou: python3 /home/brilha/bioinformatica/codigos_mestres/scripts/analise/analise_quimica_completa.py screening_results/pdrk_Fludioxonil
Erro: Traceback (most recent call last):
  File "/home/brilha/bioinformatica/codigos_mestres/scripts/analise/analise_quimica_completa.py", line 93, in <module>
    analisar_molecula(arquivo_input)
  File "/home/brilha/bioinformatica/codigos_mestres/scripts/analise/analise_quimica_completa.py", line 10, in analisar_molecula
    suppl = Chem.SDMolSupplier(sdf_path, sanitize=False)
            ^^^^^^^^^^^^^^^^^^^^^^^^^^^^^^^^^^^^^^^^^^^^
OSError: File error: Invalid input file screening_results/pdrk_Fludioxonil

[2026-01-27 18:59:05] [VirtualScreening] [ERROR] [quimica] ❌ Execução falhou
[2026-01-27 18:59:05] [VirtualScreening] [ERROR] ❌ Pipeline falhou no passo: quimica
[2026-01-27 18:59:05] [VirtualScreening] [INFO] 
======================================================================
[2026-01-27 18:59:05] [VirtualScreening] [INFO] [plip] Mapeamento de interações atômicas (PLIP)
[2026-01-27 18:59:05] [VirtualScreening] [INFO] ======================================================================
[2026-01-27 18:59:06] [VirtualScreening] [INFO] [plip] ✅ Execução concluída
[2026-01-27 18:59:06] [VirtualScreening] [INFO] [plip] ⏱️  Tempo: 0.8s
[2026-01-27 18:59:06] [VirtualScreening] [INFO] 
======================================================================
[2026-01-27 18:59:06] [VirtualScreening] [INFO] [prolif] Diagrama interativo ProLIF
[2026-01-27 18:59:06] [VirtualScreening] [INFO] ======================================================================
[2026-01-27 18:59:07] [VirtualScreening] [INFO] [prolif] ✅ Execução concluída
[2026-01-27 18:59:07] [VirtualScreening] [INFO] [prolif] ⏱️  Tempo: 0.7s
[2026-01-27 18:59:07] [VirtualScreening] [INFO] 
======================================================================
[2026-01-27 18:59:07] [VirtualScreening] [INFO] [relatorio] Compilação do relatório final
[2026-01-27 18:59:07] [VirtualScreening] [INFO] ======================================================================
[2026-01-27 18:59:07] [VirtualScreening] [INFO] [relatorio] ✅ Execução concluída
[2026-01-27 18:59:07] [VirtualScreening] [INFO] [relatorio] ✅ Arquivos de saída validados
[2026-01-27 18:59:07] [VirtualScreening] [INFO] [relatorio] ⏱️  Tempo: 0.2s
[2026-01-27 18:59:07] [VirtualScreening] [ERROR] ❌ Erro ao executar passo refinar_grid: StepConfig.__init__() got an unexpected keyword argument 'category'
[2026-01-27 18:59:07] [VirtualScreening] [INFO] Passo 1/2: Configurando arquivos...
[2026-01-27 18:59:07] [VirtualScreening] [INFO] Preparando pasta para: pdrk vs pepstatin_3D_minimizado
[2026-01-27 18:59:07] [VirtualScreening] [INFO] 🔍 Buscando proteína pdrk...
[2026-01-27 18:59:07] [VirtualScreening] [INFO] ✅ Encontrado em templates/proteins: pdrk.pdb
[2026-01-27 18:59:07] [VirtualScreening] [INFO] ✅ Proteína copiada: templates/proteins/pdrk.pdb → screening_results/pdrk_pepstatin_3D_minimizado/pdrk.pdb
[2026-01-27 18:59:07] [VirtualScreening] [INFO] 🔍 Buscando ligante pepstatin_3D_minimizado...
[2026-01-27 18:59:07] [VirtualScreening] [INFO] ✅ Encontrado em templates/drugs: pepstatin_3D_minimizado.sdf
[2026-01-27 18:59:07] [VirtualScreening] [INFO] ✅ Ligante copiado: templates/drugs/pepstatin_3D_minimizado.sdf → screening_results/pdrk_pepstatin_3D_minimizado/pepstatin_3D_minimizado.sdf
[2026-01-27 18:59:07] [VirtualScreening] [INFO] ✅ Pasta preparada com sucesso: screening_results/pdrk_pepstatin_3D_minimizado
[2026-01-27 18:59:07] [VirtualScreening] [INFO] Passo 2/2: Executando pipeline de análise...
[2026-01-27 18:59:07] [VirtualScreening] [INFO] 📌 Adicionando passo opcional ao pipeline: refinar_grid
[2026-01-27 18:59:07] [VirtualScreening] [INFO] 📌 Adicionando passo opcional ao pipeline: seletividade
[2026-01-27 18:59:07] [VirtualScreening] [INFO] 📌 Adicionando passo opcional ao pipeline: motivos
[2026-01-27 18:59:07] [VirtualScreening] [INFO] 📌 Adicionando passo opcional ao pipeline: colorir
[2026-01-27 18:59:07] [VirtualScreening] [INFO] 📌 Adicionando passo opcional ao pipeline: proximidade
[2026-01-27 18:59:07] [VirtualScreening] [INFO] 
======================================================================
[2026-01-27 18:59:07] [VirtualScreening] [INFO] [preparacao] Limpeza e conversão PDBQT
[2026-01-27 18:59:07] [VirtualScreening] [INFO] ======================================================================
[2026-01-27 18:59:08] [VirtualScreening] [INFO] [preparacao] ✅ Execução concluída
[2026-01-27 18:59:08] [VirtualScreening] [INFO] [preparacao] ✅ Arquivos de saída validados
[2026-01-27 18:59:08] [VirtualScreening] [INFO] [preparacao] ⏱️  Tempo: 1.0s
[2026-01-27 18:59:08] [VirtualScreening] [INFO] 
======================================================================
[2026-01-27 18:59:08] [VirtualScreening] [INFO] [gridbox] Calculando coordenadas do sítio ativo
[2026-01-27 18:59:08] [VirtualScreening] [INFO] ======================================================================
[2026-01-27 18:59:08] [VirtualScreening] [INFO] [gridbox] ✅ Execução concluída
[2026-01-27 18:59:08] [VirtualScreening] [ERROR] [gridbox] Arquivos de saída não foram criados: ['screening_results/pdrk_pepstatin_3D_minimizado/config.txt']
[2026-01-27 18:59:08] [VirtualScreening] [ERROR] [gridbox] ❌ Validação de saída falhou
[2026-01-27 18:59:08] [VirtualScreening] [ERROR] ❌ Pipeline falhou no passo: gridbox
[2026-01-27 18:59:08] [VirtualScreening] [INFO] 
======================================================================
[2026-01-27 18:59:08] [VirtualScreening] [INFO] [grid_cego] Blind docking - cobre proteína toda (fallback se gridbox falhar)
[2026-01-27 18:59:08] [VirtualScreening] [INFO] ======================================================================
[2026-01-27 18:59:08] [VirtualScreening] [INFO] [grid_cego] ✅ Execução concluída
[2026-01-27 18:59:08] [VirtualScreening] [INFO] [grid_cego] ✅ Arquivos de saída validados
[2026-01-27 18:59:08] [VirtualScreening] [INFO] [grid_cego] ⏱️  Tempo: 0.1s
[2026-01-27 18:59:08] [VirtualScreening] [INFO] 
======================================================================
[2026-01-27 18:59:08] [VirtualScreening] [INFO] [docking] Simulação de encaixe molecular (Vina)
[2026-01-27 18:59:08] [VirtualScreening] [INFO] ======================================================================
[2026-01-27 19:00:36] [VirtualScreening] [INFO] [docking] ✅ Execução concluída
[2026-01-27 19:00:36] [VirtualScreening] [INFO] [docking] ✅ Arquivos de saída validados
[2026-01-27 19:00:36] [VirtualScreening] [INFO] [docking] ⏱️  Tempo: 1.5min
[2026-01-27 19:00:36] [VirtualScreening] [INFO] 
======================================================================
[2026-01-27 19:00:36] [VirtualScreening] [INFO] [quimica] Avaliação de propriedades de fármaco
[2026-01-27 19:00:36] [VirtualScreening] [INFO] ======================================================================
[2026-01-27 19:00:36] [VirtualScreening] [ERROR] Comando falhou: python3 /home/brilha/bioinformatica/codigos_mestres/scripts/analise/analise_quimica_completa.py screening_results/pdrk_pepstatin_3D_minimizado
Erro: Traceback (most recent call last):
  File "/home/brilha/bioinformatica/codigos_mestres/scripts/analise/analise_quimica_completa.py", line 93, in <module>
    analisar_molecula(arquivo_input)
  File "/home/brilha/bioinformatica/codigos_mestres/scripts/analise/analise_quimica_completa.py", line 10, in analisar_molecula
    suppl = Chem.SDMolSupplier(sdf_path, sanitize=False)
            ^^^^^^^^^^^^^^^^^^^^^^^^^^^^^^^^^^^^^^^^^^^^
OSError: File error: Invalid input file screening_results/pdrk_pepstatin_3D_minimizado

[2026-01-27 19:00:36] [VirtualScreening] [ERROR] [quimica] ❌ Execução falhou
[2026-01-27 19:00:36] [VirtualScreening] [ERROR] ❌ Pipeline falhou no passo: quimica
[2026-01-27 19:00:36] [VirtualScreening] [INFO] 
======================================================================
[2026-01-27 19:00:36] [VirtualScreening] [INFO] [plip] Mapeamento de interações atômicas (PLIP)
[2026-01-27 19:00:36] [VirtualScreening] [INFO] ======================================================================
[2026-01-27 19:00:37] [VirtualScreening] [INFO] [plip] ✅ Execução concluída
[2026-01-27 19:00:37] [VirtualScreening] [INFO] [plip] ⏱️  Tempo: 0.8s
[2026-01-27 19:00:37] [VirtualScreening] [INFO] 
======================================================================
[2026-01-27 19:00:37] [VirtualScreening] [INFO] [prolif] Diagrama interativo ProLIF
[2026-01-27 19:00:37] [VirtualScreening] [INFO] ======================================================================
[2026-01-27 19:00:37] [VirtualScreening] [INFO] [prolif] ✅ Execução concluída
[2026-01-27 19:00:37] [VirtualScreening] [INFO] [prolif] ⏱️  Tempo: 0.7s
[2026-01-27 19:00:37] [VirtualScreening] [INFO] 
======================================================================
[2026-01-27 19:00:37] [VirtualScreening] [INFO] [relatorio] Compilação do relatório final
[2026-01-27 19:00:37] [VirtualScreening] [INFO] ======================================================================
[2026-01-27 19:00:37] [VirtualScreening] [INFO] [relatorio] ✅ Execução concluída
[2026-01-27 19:00:37] [VirtualScreening] [INFO] [relatorio] ✅ Arquivos de saída validados
[2026-01-27 19:00:37] [VirtualScreening] [INFO] [relatorio] ⏱️  Tempo: 0.2s
[2026-01-27 19:00:37] [VirtualScreening] [ERROR] ❌ Erro ao executar passo refinar_grid: StepConfig.__init__() got an unexpected keyword argument 'category'
[2026-01-27 19:00:37] [VirtualScreening] [INFO] 
======================================================================
[2026-01-27 19:00:37] [VirtualScreening] [INFO] 🏁 TRIAGEM FINALIZADA
[2026-01-27 19:00:37] [VirtualScreening] [INFO] ======================================================================
[2026-01-27 19:00:37] [VirtualScreening] [INFO] ✅ Sucesso: 0
[2026-01-27 19:00:37] [VirtualScreening] [INFO] ❌ Falhas: 6
[2026-01-27 19:00:37] [VirtualScreening] [INFO] ⏱️  Tempo total: 4.0min
[2026-01-27 19:00:37] [VirtualScreening] [INFO] ======================================================================
