[2026-01-27 19:17:00] [VirtualScreening] [INFO] ======================================================================
[2026-01-27 19:17:00] [VirtualScreening] [INFO] 🔍 VERIFICANDO DEPENDÊNCIAS
[2026-01-27 19:17:00] [VirtualScreening] [INFO] ======================================================================
[2026-01-27 19:17:00] [VirtualScreening] [INFO] ✅ Ferramenta encontrada: vina
[2026-01-27 19:17:00] [VirtualScreening] [INFO] ✅ Ferramenta encontrada: obabel
[2026-01-27 19:17:00] [VirtualScreening] [INFO] ✅ Ferramenta encontrada: plip
[2026-01-27 19:17:00] [VirtualScreening] [INFO] ✅ Todas as dependências validadas!

[2026-01-27 19:17:00] [VirtualScreening] [INFO] 📋 Alvos disponíveis: ['mapk', 'pdrk']
[2026-01-27 19:17:00] [VirtualScreening] [INFO] 💊 Fármacos disponíveis: ['Iprodione', 'Fludioxonil', 'pepstatin_3D_minimizado']

[2026-01-27 19:17:00] [VirtualScreening] [INFO] ✅ 2 alvo(s) SELECIONADO(S): ['mapk', 'pdrk']
[2026-01-27 19:17:00] [VirtualScreening] [INFO] ✅ 2 fármaco(s) SELECIONADO(S): ['Iprodione', 'Fludioxonil']
[2026-01-27 19:17:00] [VirtualScreening] [INFO] 📊 Total de combinações a executar: 4
[2026-01-27 19:17:00] [VirtualScreening] [INFO] 
======================================================================
[2026-01-27 19:17:00] [VirtualScreening] [INFO] 📋 SCRIPTS OPCIONAIS DISPONÍVEIS
[2026-01-27 19:17:00] [VirtualScreening] [INFO] ======================================================================
[2026-01-27 19:17:00] [VirtualScreening] [INFO] ✅ Scripts opcionais DESATIVADOS
[2026-01-27 19:17:00] [VirtualScreening] [INFO] Passo 1/2: Configurando arquivos...
[2026-01-27 19:17:00] [VirtualScreening] [INFO] Preparando pasta para: mapk vs Iprodione
[2026-01-27 19:17:00] [VirtualScreening] [INFO] 🔍 Buscando proteína mapk...
[2026-01-27 19:17:00] [VirtualScreening] [INFO] ✅ Encontrado em templates/proteins: mapk.pdb
[2026-01-27 19:17:00] [VirtualScreening] [INFO] ✅ Proteína copiada: templates/proteins/mapk.pdb → screening_results/mapk_Iprodione/mapk.pdb
[2026-01-27 19:17:00] [VirtualScreening] [INFO] 🔍 Buscando ligante Iprodione...
[2026-01-27 19:17:00] [VirtualScreening] [INFO] ✅ Encontrado em templates/drugs: Iprodione.sdf
[2026-01-27 19:17:00] [VirtualScreening] [INFO] ✅ Ligante copiado: templates/drugs/Iprodione.sdf → screening_results/mapk_Iprodione/Iprodione.sdf
[2026-01-27 19:17:00] [VirtualScreening] [INFO] ✅ Pasta preparada com sucesso: screening_results/mapk_Iprodione
[2026-01-27 19:17:00] [VirtualScreening] [INFO] Passo 2/2: Executando pipeline de análise...
[2026-01-27 19:17:00] [VirtualScreening] [INFO] 
======================================================================
[2026-01-27 19:17:00] [VirtualScreening] [INFO] [preparacao] Limpeza e conversão PDBQT
[2026-01-27 19:17:00] [VirtualScreening] [INFO] ======================================================================
[2026-01-27 19:17:01] [VirtualScreening] [INFO] [preparacao] ✅ Execução concluída
[2026-01-27 19:17:01] [VirtualScreening] [INFO] [preparacao] ✅ Arquivos de saída validados
[2026-01-27 19:17:01] [VirtualScreening] [INFO] [preparacao] ⏱️  Tempo: 0.5s
[2026-01-27 19:17:01] [VirtualScreening] [INFO] 
======================================================================
[2026-01-27 19:17:01] [VirtualScreening] [INFO] [gridbox] Calculando coordenadas do sítio ativo
[2026-01-27 19:17:01] [VirtualScreening] [INFO] ======================================================================
[2026-01-27 19:17:01] [VirtualScreening] [INFO] [gridbox] ✅ Execução concluída
[2026-01-27 19:17:01] [VirtualScreening] [ERROR] [gridbox] Arquivos de saída não foram criados: ['screening_results/mapk_Iprodione/config.txt']
[2026-01-27 19:17:01] [VirtualScreening] [ERROR] [gridbox] ❌ Validação de saída falhou
[2026-01-27 19:17:01] [VirtualScreening] [ERROR] ❌ Pipeline falhou no passo: gridbox
[2026-01-27 19:17:01] [VirtualScreening] [INFO] 
======================================================================
[2026-01-27 19:17:01] [VirtualScreening] [INFO] [grid_cego] Blind docking - cobre proteína toda (fallback se gridbox falhar)
[2026-01-27 19:17:01] [VirtualScreening] [INFO] ======================================================================
[2026-01-27 19:17:01] [VirtualScreening] [INFO] [grid_cego] ✅ Execução concluída
[2026-01-27 19:17:01] [VirtualScreening] [INFO] [grid_cego] ✅ Arquivos de saída validados
[2026-01-27 19:17:01] [VirtualScreening] [INFO] [grid_cego] ⏱️  Tempo: 0.1s
[2026-01-27 19:17:01] [VirtualScreening] [INFO] 
======================================================================
[2026-01-27 19:17:01] [VirtualScreening] [INFO] [docking] Simulação de encaixe molecular (Vina)
[2026-01-27 19:17:01] [VirtualScreening] [INFO] ======================================================================
[2026-01-27 19:17:08] [VirtualScreening] [INFO] [docking] ✅ Execução concluída
[2026-01-27 19:17:08] [VirtualScreening] [INFO] [docking] ✅ Arquivos de saída validados
[2026-01-27 19:17:08] [VirtualScreening] [INFO] [docking] ⏱️  Tempo: 7.2s
[2026-01-27 19:17:08] [VirtualScreening] [INFO] 
======================================================================
[2026-01-27 19:17:08] [VirtualScreening] [INFO] [quimica] Avaliação de propriedades de fármaco
[2026-01-27 19:17:08] [VirtualScreening] [INFO] ======================================================================
[2026-01-27 19:17:09] [VirtualScreening] [INFO] [quimica] ✅ Execução concluída
[2026-01-27 19:17:09] [VirtualScreening] [INFO] [quimica] ⏱️  Tempo: 0.2s
[2026-01-27 19:17:09] [VirtualScreening] [INFO] 
======================================================================
[2026-01-27 19:17:09] [VirtualScreening] [INFO] [plip] Mapeamento de interações atômicas (PLIP)
[2026-01-27 19:17:09] [VirtualScreening] [INFO] ======================================================================
[2026-01-27 19:17:09] [VirtualScreening] [INFO] [plip] ✅ Execução concluída
[2026-01-27 19:17:09] [VirtualScreening] [INFO] [plip] ⏱️  Tempo: 0.5s
[2026-01-27 19:17:09] [VirtualScreening] [INFO] 
======================================================================
[2026-01-27 19:17:09] [VirtualScreening] [INFO] [prolif] Diagrama interativo ProLIF
[2026-01-27 19:17:09] [VirtualScreening] [INFO] ======================================================================
[2026-01-27 19:17:10] [VirtualScreening] [INFO] [prolif] ✅ Execução concluída
[2026-01-27 19:17:10] [VirtualScreening] [INFO] [prolif] ⏱️  Tempo: 0.6s
[2026-01-27 19:17:10] [VirtualScreening] [INFO] 
======================================================================
[2026-01-27 19:17:10] [VirtualScreening] [INFO] [relatorio] Compilação do relatório final
[2026-01-27 19:17:10] [VirtualScreening] [INFO] ======================================================================
[2026-01-27 19:17:10] [VirtualScreening] [INFO] [relatorio] ✅ Execução concluída
[2026-01-27 19:17:10] [VirtualScreening] [INFO] [relatorio] ✅ Arquivos de saída validados
[2026-01-27 19:17:10] [VirtualScreening] [INFO] [relatorio] ⏱️  Tempo: 0.2s
[2026-01-27 19:17:10] [VirtualScreening] [INFO] ✅ Análise completada com sucesso para mapk vs Iprodione
[2026-01-27 19:17:10] [VirtualScreening] [INFO] Passo 1/2: Configurando arquivos...
[2026-01-27 19:17:10] [VirtualScreening] [INFO] Preparando pasta para: mapk vs Fludioxonil
[2026-01-27 19:17:10] [VirtualScreening] [INFO] 🔍 Buscando proteína mapk...
[2026-01-27 19:17:10] [VirtualScreening] [INFO] ✅ Encontrado em templates/proteins: mapk.pdb
[2026-01-27 19:17:10] [VirtualScreening] [INFO] ✅ Proteína copiada: templates/proteins/mapk.pdb → screening_results/mapk_Fludioxonil/mapk.pdb
[2026-01-27 19:17:10] [VirtualScreening] [INFO] 🔍 Buscando ligante Fludioxonil...
[2026-01-27 19:17:10] [VirtualScreening] [INFO] ✅ Encontrado em templates/drugs: Fludioxonil.sdf
[2026-01-27 19:17:10] [VirtualScreening] [INFO] ✅ Ligante copiado: templates/drugs/Fludioxonil.sdf → screening_results/mapk_Fludioxonil/Fludioxonil.sdf
[2026-01-27 19:17:10] [VirtualScreening] [INFO] ✅ Pasta preparada com sucesso: screening_results/mapk_Fludioxonil
[2026-01-27 19:17:10] [VirtualScreening] [INFO] Passo 2/2: Executando pipeline de análise...
[2026-01-27 19:17:10] [VirtualScreening] [INFO] 
======================================================================
[2026-01-27 19:17:10] [VirtualScreening] [INFO] [preparacao] Limpeza e conversão PDBQT
[2026-01-27 19:17:10] [VirtualScreening] [INFO] ======================================================================
[2026-01-27 19:17:10] [VirtualScreening] [INFO] [preparacao] ✅ Execução concluída
[2026-01-27 19:17:10] [VirtualScreening] [INFO] [preparacao] ✅ Arquivos de saída validados
[2026-01-27 19:17:10] [VirtualScreening] [INFO] [preparacao] ⏱️  Tempo: 0.5s
[2026-01-27 19:17:10] [VirtualScreening] [INFO] 
======================================================================
[2026-01-27 19:17:10] [VirtualScreening] [INFO] [gridbox] Calculando coordenadas do sítio ativo
[2026-01-27 19:17:10] [VirtualScreening] [INFO] ======================================================================
[2026-01-27 19:17:11] [VirtualScreening] [INFO] [gridbox] ✅ Execução concluída
[2026-01-27 19:17:11] [VirtualScreening] [ERROR] [gridbox] Arquivos de saída não foram criados: ['screening_results/mapk_Fludioxonil/config.txt']
[2026-01-27 19:17:11] [VirtualScreening] [ERROR] [gridbox] ❌ Validação de saída falhou
[2026-01-27 19:17:11] [VirtualScreening] [ERROR] ❌ Pipeline falhou no passo: gridbox
[2026-01-27 19:17:11] [VirtualScreening] [INFO] 
======================================================================
[2026-01-27 19:17:11] [VirtualScreening] [INFO] [grid_cego] Blind docking - cobre proteína toda (fallback se gridbox falhar)
[2026-01-27 19:17:11] [VirtualScreening] [INFO] ======================================================================
[2026-01-27 19:17:11] [VirtualScreening] [INFO] [grid_cego] ✅ Execução concluída
[2026-01-27 19:17:11] [VirtualScreening] [INFO] [grid_cego] ✅ Arquivos de saída validados
[2026-01-27 19:17:11] [VirtualScreening] [INFO] [grid_cego] ⏱️  Tempo: 0.1s
[2026-01-27 19:17:11] [VirtualScreening] [INFO] 
======================================================================
[2026-01-27 19:17:11] [VirtualScreening] [INFO] [docking] Simulação de encaixe molecular (Vina)
[2026-01-27 19:17:11] [VirtualScreening] [INFO] ======================================================================
[2026-01-27 19:17:17] [VirtualScreening] [INFO] [docking] ✅ Execução concluída
[2026-01-27 19:17:17] [VirtualScreening] [INFO] [docking] ✅ Arquivos de saída validados
[2026-01-27 19:17:17] [VirtualScreening] [INFO] [docking] ⏱️  Tempo: 6.2s
[2026-01-27 19:17:17] [VirtualScreening] [INFO] 
======================================================================
[2026-01-27 19:17:17] [VirtualScreening] [INFO] [quimica] Avaliação de propriedades de fármaco
[2026-01-27 19:17:17] [VirtualScreening] [INFO] ======================================================================
[2026-01-27 19:17:17] [VirtualScreening] [INFO] [quimica] ✅ Execução concluída
[2026-01-27 19:17:17] [VirtualScreening] [INFO] [quimica] ⏱️  Tempo: 0.2s
[2026-01-27 19:17:17] [VirtualScreening] [INFO] 
======================================================================
[2026-01-27 19:17:17] [VirtualScreening] [INFO] [plip] Mapeamento de interações atômicas (PLIP)
[2026-01-27 19:17:17] [VirtualScreening] [INFO] ======================================================================
[2026-01-27 19:17:18] [VirtualScreening] [INFO] [plip] ✅ Execução concluída
[2026-01-27 19:17:18] [VirtualScreening] [INFO] [plip] ⏱️  Tempo: 0.6s
[2026-01-27 19:17:18] [VirtualScreening] [INFO] 
======================================================================
[2026-01-27 19:17:18] [VirtualScreening] [INFO] [prolif] Diagrama interativo ProLIF
[2026-01-27 19:17:18] [VirtualScreening] [INFO] ======================================================================
[2026-01-27 19:17:18] [VirtualScreening] [INFO] [prolif] ✅ Execução concluída
[2026-01-27 19:17:18] [VirtualScreening] [INFO] [prolif] ⏱️  Tempo: 0.8s
[2026-01-27 19:17:18] [VirtualScreening] [INFO] 
======================================================================
[2026-01-27 19:17:18] [VirtualScreening] [INFO] [relatorio] Compilação do relatório final
[2026-01-27 19:17:18] [VirtualScreening] [INFO] ======================================================================
[2026-01-27 19:17:19] [VirtualScreening] [INFO] [relatorio] ✅ Execução concluída
[2026-01-27 19:17:19] [VirtualScreening] [INFO] [relatorio] ✅ Arquivos de saída validados
[2026-01-27 19:17:19] [VirtualScreening] [INFO] [relatorio] ⏱️  Tempo: 0.2s
[2026-01-27 19:17:19] [VirtualScreening] [INFO] ✅ Análise completada com sucesso para mapk vs Fludioxonil
[2026-01-27 19:17:19] [VirtualScreening] [INFO] Passo 1/2: Configurando arquivos...
[2026-01-27 19:17:19] [VirtualScreening] [INFO] Preparando pasta para: pdrk vs Iprodione
[2026-01-27 19:17:19] [VirtualScreening] [INFO] 🔍 Buscando proteína pdrk...
[2026-01-27 19:17:19] [VirtualScreening] [INFO] ✅ Encontrado em templates/proteins: pdrk.pdb
[2026-01-27 19:17:19] [VirtualScreening] [INFO] ✅ Proteína copiada: templates/proteins/pdrk.pdb → screening_results/pdrk_Iprodione/pdrk.pdb
[2026-01-27 19:17:19] [VirtualScreening] [INFO] 🔍 Buscando ligante Iprodione...
[2026-01-27 19:17:19] [VirtualScreening] [INFO] ✅ Encontrado em templates/drugs: Iprodione.sdf
[2026-01-27 19:17:19] [VirtualScreening] [INFO] ✅ Ligante copiado: templates/drugs/Iprodione.sdf → screening_results/pdrk_Iprodione/Iprodione.sdf
[2026-01-27 19:17:19] [VirtualScreening] [INFO] ✅ Pasta preparada com sucesso: screening_results/pdrk_Iprodione
[2026-01-27 19:17:19] [VirtualScreening] [INFO] Passo 2/2: Executando pipeline de análise...
[2026-01-27 19:17:19] [VirtualScreening] [INFO] 
======================================================================
[2026-01-27 19:17:19] [VirtualScreening] [INFO] [preparacao] Limpeza e conversão PDBQT
[2026-01-27 19:17:19] [VirtualScreening] [INFO] ======================================================================
[2026-01-27 19:17:19] [VirtualScreening] [INFO] [preparacao] ✅ Execução concluída
[2026-01-27 19:17:19] [VirtualScreening] [INFO] [preparacao] ✅ Arquivos de saída validados
[2026-01-27 19:17:19] [VirtualScreening] [INFO] [preparacao] ⏱️  Tempo: 0.7s
[2026-01-27 19:17:19] [VirtualScreening] [INFO] 
======================================================================
[2026-01-27 19:17:19] [VirtualScreening] [INFO] [gridbox] Calculando coordenadas do sítio ativo
[2026-01-27 19:17:19] [VirtualScreening] [INFO] ======================================================================
[2026-01-27 19:17:20] [VirtualScreening] [INFO] [gridbox] ✅ Execução concluída
[2026-01-27 19:17:20] [VirtualScreening] [ERROR] [gridbox] Arquivos de saída não foram criados: ['screening_results/pdrk_Iprodione/config.txt']
[2026-01-27 19:17:20] [VirtualScreening] [ERROR] [gridbox] ❌ Validação de saída falhou
[2026-01-27 19:17:20] [VirtualScreening] [ERROR] ❌ Pipeline falhou no passo: gridbox
[2026-01-27 19:17:20] [VirtualScreening] [INFO] 
======================================================================
[2026-01-27 19:17:20] [VirtualScreening] [INFO] [grid_cego] Blind docking - cobre proteína toda (fallback se gridbox falhar)
[2026-01-27 19:17:20] [VirtualScreening] [INFO] ======================================================================
[2026-01-27 19:17:20] [VirtualScreening] [INFO] [grid_cego] ✅ Execução concluída
[2026-01-27 19:17:20] [VirtualScreening] [INFO] [grid_cego] ✅ Arquivos de saída validados
[2026-01-27 19:17:20] [VirtualScreening] [INFO] [grid_cego] ⏱️  Tempo: 0.1s
[2026-01-27 19:17:20] [VirtualScreening] [INFO] 
======================================================================
[2026-01-27 19:17:20] [VirtualScreening] [INFO] [docking] Simulação de encaixe molecular (Vina)
[2026-01-27 19:17:20] [VirtualScreening] [INFO] ======================================================================
[2026-01-27 19:17:52] [VirtualScreening] [INFO] [docking] ✅ Execução concluída
[2026-01-27 19:17:52] [VirtualScreening] [INFO] [docking] ✅ Arquivos de saída validados
[2026-01-27 19:17:52] [VirtualScreening] [INFO] [docking] ⏱️  Tempo: 32.6s
[2026-01-27 19:17:52] [VirtualScreening] [INFO] 
======================================================================
[2026-01-27 19:17:52] [VirtualScreening] [INFO] [quimica] Avaliação de propriedades de fármaco
[2026-01-27 19:17:52] [VirtualScreening] [INFO] ======================================================================
[2026-01-27 19:17:53] [VirtualScreening] [INFO] [quimica] ✅ Execução concluída
[2026-01-27 19:17:53] [VirtualScreening] [INFO] [quimica] ⏱️  Tempo: 0.2s
[2026-01-27 19:17:53] [VirtualScreening] [INFO] 
======================================================================
[2026-01-27 19:17:53] [VirtualScreening] [INFO] [plip] Mapeamento de interações atômicas (PLIP)
[2026-01-27 19:17:53] [VirtualScreening] [INFO] ======================================================================
[2026-01-27 19:17:53] [VirtualScreening] [INFO] [plip] ✅ Execução concluída
[2026-01-27 19:17:53] [VirtualScreening] [INFO] [plip] ⏱️  Tempo: 0.7s
[2026-01-27 19:17:53] [VirtualScreening] [INFO] 
======================================================================
[2026-01-27 19:17:53] [VirtualScreening] [INFO] [prolif] Diagrama interativo ProLIF
[2026-01-27 19:17:53] [VirtualScreening] [INFO] ======================================================================
[2026-01-27 19:17:54] [VirtualScreening] [INFO] [prolif] ✅ Execução concluída
[2026-01-27 19:17:54] [VirtualScreening] [INFO] [prolif] ⏱️  Tempo: 0.8s
[2026-01-27 19:17:54] [VirtualScreening] [INFO] 
======================================================================
[2026-01-27 19:17:54] [VirtualScreening] [INFO] [relatorio] Compilação do relatório final
[2026-01-27 19:17:54] [VirtualScreening] [INFO] ======================================================================
[2026-01-27 19:17:54] [VirtualScreening] [INFO] [relatorio] ✅ Execução concluída
[2026-01-27 19:17:54] [VirtualScreening] [INFO] [relatorio] ✅ Arquivos de saída validados
[2026-01-27 19:17:54] [VirtualScreening] [INFO] [relatorio] ⏱️  Tempo: 0.2s
[2026-01-27 19:17:54] [VirtualScreening] [INFO] ✅ Análise completada com sucesso para pdrk vs Iprodione
[2026-01-27 19:17:54] [VirtualScreening] [INFO] Passo 1/2: Configurando arquivos...
[2026-01-27 19:17:54] [VirtualScreening] [INFO] Preparando pasta para: pdrk vs Fludioxonil
[2026-01-27 19:17:54] [VirtualScreening] [INFO] 🔍 Buscando proteína pdrk...
[2026-01-27 19:17:54] [VirtualScreening] [INFO] ✅ Encontrado em templates/proteins: pdrk.pdb
[2026-01-27 19:17:54] [VirtualScreening] [INFO] ✅ Proteína copiada: templates/proteins/pdrk.pdb → screening_results/pdrk_Fludioxonil/pdrk.pdb
[2026-01-27 19:17:54] [VirtualScreening] [INFO] 🔍 Buscando ligante Fludioxonil...
[2026-01-27 19:17:54] [VirtualScreening] [INFO] ✅ Encontrado em templates/drugs: Fludioxonil.sdf
[2026-01-27 19:17:54] [VirtualScreening] [INFO] ✅ Ligante copiado: templates/drugs/Fludioxonil.sdf → screening_results/pdrk_Fludioxonil/Fludioxonil.sdf
[2026-01-27 19:17:54] [VirtualScreening] [INFO] ✅ Pasta preparada com sucesso: screening_results/pdrk_Fludioxonil
[2026-01-27 19:17:54] [VirtualScreening] [INFO] Passo 2/2: Executando pipeline de análise...
[2026-01-27 19:17:54] [VirtualScreening] [INFO] 
======================================================================
[2026-01-27 19:17:54] [VirtualScreening] [INFO] [preparacao] Limpeza e conversão PDBQT
[2026-01-27 19:17:54] [VirtualScreening] [INFO] ======================================================================
[2026-01-27 19:17:55] [VirtualScreening] [INFO] [preparacao] ✅ Execução concluída
[2026-01-27 19:17:55] [VirtualScreening] [INFO] [preparacao] ✅ Arquivos de saída validados
[2026-01-27 19:17:55] [VirtualScreening] [INFO] [preparacao] ⏱️  Tempo: 0.7s
[2026-01-27 19:17:55] [VirtualScreening] [INFO] 
======================================================================
[2026-01-27 19:17:55] [VirtualScreening] [INFO] [gridbox] Calculando coordenadas do sítio ativo
[2026-01-27 19:17:55] [VirtualScreening] [INFO] ======================================================================
[2026-01-27 19:17:55] [VirtualScreening] [INFO] [gridbox] ✅ Execução concluída
[2026-01-27 19:17:55] [VirtualScreening] [ERROR] [gridbox] Arquivos de saída não foram criados: ['screening_results/pdrk_Fludioxonil/config.txt']
[2026-01-27 19:17:55] [VirtualScreening] [ERROR] [gridbox] ❌ Validação de saída falhou
[2026-01-27 19:17:55] [VirtualScreening] [ERROR] ❌ Pipeline falhou no passo: gridbox
[2026-01-27 19:17:55] [VirtualScreening] [INFO] 
======================================================================
[2026-01-27 19:17:55] [VirtualScreening] [INFO] [grid_cego] Blind docking - cobre proteína toda (fallback se gridbox falhar)
[2026-01-27 19:17:55] [VirtualScreening] [INFO] ======================================================================
[2026-01-27 19:17:55] [VirtualScreening] [INFO] [grid_cego] ✅ Execução concluída
[2026-01-27 19:17:55] [VirtualScreening] [INFO] [grid_cego] ✅ Arquivos de saída validados
[2026-01-27 19:17:55] [VirtualScreening] [INFO] [grid_cego] ⏱️  Tempo: 0.1s
[2026-01-27 19:17:55] [VirtualScreening] [INFO] 
======================================================================
[2026-01-27 19:17:55] [VirtualScreening] [INFO] [docking] Simulação de encaixe molecular (Vina)
[2026-01-27 19:17:55] [VirtualScreening] [INFO] ======================================================================
[2026-01-27 19:18:27] [VirtualScreening] [INFO] [docking] ✅ Execução concluída
[2026-01-27 19:18:27] [VirtualScreening] [INFO] [docking] ✅ Arquivos de saída validados
[2026-01-27 19:18:27] [VirtualScreening] [INFO] [docking] ⏱️  Tempo: 32.0s
[2026-01-27 19:18:27] [VirtualScreening] [INFO] 
======================================================================
[2026-01-27 19:18:27] [VirtualScreening] [INFO] [quimica] Avaliação de propriedades de fármaco
[2026-01-27 19:18:27] [VirtualScreening] [INFO] ======================================================================
[2026-01-27 19:18:28] [VirtualScreening] [INFO] [quimica] ✅ Execução concluída
[2026-01-27 19:18:28] [VirtualScreening] [INFO] [quimica] ⏱️  Tempo: 0.2s
[2026-01-27 19:18:28] [VirtualScreening] [INFO] 
======================================================================
[2026-01-27 19:18:28] [VirtualScreening] [INFO] [plip] Mapeamento de interações atômicas (PLIP)
[2026-01-27 19:18:28] [VirtualScreening] [INFO] ======================================================================
[2026-01-27 19:18:28] [VirtualScreening] [INFO] [plip] ✅ Execução concluída
[2026-01-27 19:18:28] [VirtualScreening] [INFO] [plip] ⏱️  Tempo: 0.7s
[2026-01-27 19:18:28] [VirtualScreening] [INFO] 
======================================================================
[2026-01-27 19:18:28] [VirtualScreening] [INFO] [prolif] Diagrama interativo ProLIF
[2026-01-27 19:18:28] [VirtualScreening] [INFO] ======================================================================
[2026-01-27 19:18:29] [VirtualScreening] [INFO] [prolif] ✅ Execução concluída
[2026-01-27 19:18:29] [VirtualScreening] [INFO] [prolif] ⏱️  Tempo: 0.7s
[2026-01-27 19:18:29] [VirtualScreening] [INFO] 
======================================================================
[2026-01-27 19:18:29] [VirtualScreening] [INFO] [relatorio] Compilação do relatório final
[2026-01-27 19:18:29] [VirtualScreening] [INFO] ======================================================================
[2026-01-27 19:18:29] [VirtualScreening] [INFO] [relatorio] ✅ Execução concluída
[2026-01-27 19:18:29] [VirtualScreening] [INFO] [relatorio] ✅ Arquivos de saída validados
[2026-01-27 19:18:29] [VirtualScreening] [INFO] [relatorio] ⏱️  Tempo: 0.2s
[2026-01-27 19:18:29] [VirtualScreening] [INFO] ✅ Análise completada com sucesso para pdrk vs Fludioxonil
[2026-01-27 19:18:29] [VirtualScreening] [INFO] 
======================================================================
[2026-01-27 19:18:29] [VirtualScreening] [INFO] 🏁 TRIAGEM FINALIZADA
[2026-01-27 19:18:29] [VirtualScreening] [INFO] ======================================================================
[2026-01-27 19:18:29] [VirtualScreening] [INFO] ✅ Sucesso: 4
[2026-01-27 19:18:29] [VirtualScreening] [INFO] ❌ Falhas: 0
[2026-01-27 19:18:29] [VirtualScreening] [INFO] ⏱️  Tempo total: 1.5min
[2026-01-27 19:18:29] [VirtualScreening] [INFO] ======================================================================
