[2026-01-27 18:29:32] [VirtualScreening] [INFO] ======================================================================
[2026-01-27 18:29:32] [VirtualScreening] [INFO] 🔍 VERIFICANDO DEPENDÊNCIAS
[2026-01-27 18:29:32] [VirtualScreening] [INFO] ======================================================================
[2026-01-27 18:29:32] [VirtualScreening] [INFO] ✅ Ferramenta encontrada: vina
[2026-01-27 18:29:32] [VirtualScreening] [INFO] ✅ Ferramenta encontrada: obabel
[2026-01-27 18:29:32] [VirtualScreening] [INFO] ✅ Ferramenta encontrada: plip
[2026-01-27 18:29:32] [VirtualScreening] [INFO] ✅ Todas as dependências validadas!

[2026-01-27 18:29:32] [VirtualScreening] [INFO] 📋 Alvos: ['mapk', 'pdrk']
[2026-01-27 18:29:32] [VirtualScreening] [INFO] 💊 Drogas: ['Iprodione', 'Fludioxonil', 'pepstatin_3D_minimizado']
[2026-01-27 18:29:32] [VirtualScreening] [INFO] 📊 Total de combinações: 6

[2026-01-27 18:29:32] [VirtualScreening] [INFO] Passo 1/2: Configurando arquivos...
[2026-01-27 18:29:32] [VirtualScreening] [INFO] Preparando pasta para: mapk vs Iprodione
[2026-01-27 18:29:32] [VirtualScreening] [INFO] 🔍 Buscando proteína mapk...
[2026-01-27 18:29:32] [VirtualScreening] [INFO] ✅ Encontrado em templates/proteins: mapk.pdb
[2026-01-27 18:29:32] [VirtualScreening] [INFO] ✅ Proteína copiada: templates/proteins/mapk.pdb → screening_results/mapk_Iprodione/mapk.pdb
[2026-01-27 18:29:32] [VirtualScreening] [INFO] 🔍 Buscando ligante Iprodione...
[2026-01-27 18:29:32] [VirtualScreening] [INFO] ✅ Encontrado em templates/drugs: Iprodione.sdf
[2026-01-27 18:29:32] [VirtualScreening] [INFO] ✅ Ligante copiado: templates/drugs/Iprodione.sdf → screening_results/mapk_Iprodione/Iprodione.sdf
[2026-01-27 18:29:32] [VirtualScreening] [INFO] ✅ Pasta preparada com sucesso: screening_results/mapk_Iprodione
[2026-01-27 18:29:32] [VirtualScreening] [INFO] Passo 2/2: Executando pipeline de análise...
[2026-01-27 18:29:32] [VirtualScreening] [INFO] 
======================================================================
[2026-01-27 18:29:32] [VirtualScreening] [INFO] [preparacao] Limpeza e conversão PDBQT
[2026-01-27 18:29:32] [VirtualScreening] [INFO] ======================================================================
[2026-01-27 18:29:32] [VirtualScreening] [INFO] [preparacao] ✅ Execução concluída
[2026-01-27 18:29:32] [VirtualScreening] [INFO] [preparacao] ✅ Arquivos de saída validados
[2026-01-27 18:29:32] [VirtualScreening] [INFO] [preparacao] ⏱️  Tempo: 0.5s
[2026-01-27 18:29:32] [VirtualScreening] [INFO] 
======================================================================
[2026-01-27 18:29:32] [VirtualScreening] [INFO] [gridbox] Calculando coordenadas do sítio ativo
[2026-01-27 18:29:32] [VirtualScreening] [INFO] ======================================================================
[2026-01-27 18:29:32] [VirtualScreening] [INFO] [gridbox] ✅ Execução concluída
[2026-01-27 18:29:32] [VirtualScreening] [INFO] [gridbox] ✅ Arquivos de saída validados
[2026-01-27 18:29:32] [VirtualScreening] [INFO] [gridbox] ⏱️  Tempo: 0.2s
[2026-01-27 18:29:32] [VirtualScreening] [INFO] 
======================================================================
[2026-01-27 18:29:32] [VirtualScreening] [INFO] [grid_cego] Blind docking - cobre proteína toda
[2026-01-27 18:29:32] [VirtualScreening] [INFO] ======================================================================
[2026-01-27 18:29:32] [VirtualScreening] [INFO] [grid_cego] ✅ Execução concluída
[2026-01-27 18:29:32] [VirtualScreening] [ERROR] [grid_cego] Arquivos de saída não foram criados: ['screening_results/mapk_Iprodione/config_blind.txt']
[2026-01-27 18:29:32] [VirtualScreening] [ERROR] [grid_cego] ❌ Validação de saída falhou
[2026-01-27 18:29:32] [VirtualScreening] [ERROR] ❌ Pipeline falhou no passo: grid_cego
[2026-01-27 18:29:32] [VirtualScreening] [INFO] 
======================================================================
[2026-01-27 18:29:32] [VirtualScreening] [INFO] [docking] Simulação de encaixe molecular (Vina)
[2026-01-27 18:29:32] [VirtualScreening] [INFO] ======================================================================
[2026-01-27 18:29:40] [VirtualScreening] [INFO] [docking] ✅ Execução concluída
[2026-01-27 18:29:40] [VirtualScreening] [INFO] [docking] ✅ Arquivos de saída validados
[2026-01-27 18:29:40] [VirtualScreening] [INFO] [docking] ⏱️  Tempo: 7.6s
[2026-01-27 18:29:40] [VirtualScreening] [INFO] 
======================================================================
[2026-01-27 18:29:40] [VirtualScreening] [INFO] [quimica] Avaliação de propriedades de fármaco
[2026-01-27 18:29:40] [VirtualScreening] [INFO] ======================================================================
[2026-01-27 18:29:40] [VirtualScreening] [ERROR] Comando falhou: python3 /home/brilha/bioinformatica/codigos_mestres/scripts/analise/analise_quimica_completa.py screening_results/mapk_Iprodione
Erro: Traceback (most recent call last):
  File "/home/brilha/bioinformatica/codigos_mestres/scripts/analise/analise_quimica_completa.py", line 93, in <module>
    analisar_molecula(arquivo_input)
  File "/home/brilha/bioinformatica/codigos_mestres/scripts/analise/analise_quimica_completa.py", line 10, in analisar_molecula
    suppl = Chem.SDMolSupplier(sdf_path, sanitize=False)
            ^^^^^^^^^^^^^^^^^^^^^^^^^^^^^^^^^^^^^^^^^^^^
OSError: File error: Invalid input file screening_results/mapk_Iprodione

[2026-01-27 18:29:40] [VirtualScreening] [ERROR] [quimica] ❌ Execução falhou
[2026-01-27 18:29:40] [VirtualScreening] [ERROR] ❌ Pipeline falhou no passo: quimica
[2026-01-27 18:29:40] [VirtualScreening] [INFO] 
======================================================================
[2026-01-27 18:29:40] [VirtualScreening] [INFO] [plip] Mapeamento de interações atômicas (PLIP)
[2026-01-27 18:29:40] [VirtualScreening] [INFO] ======================================================================
[2026-01-27 18:29:41] [VirtualScreening] [INFO] [plip] ✅ Execução concluída
[2026-01-27 18:29:41] [VirtualScreening] [INFO] [plip] ⏱️  Tempo: 0.6s
[2026-01-27 18:29:41] [VirtualScreening] [INFO] 
======================================================================
[2026-01-27 18:29:41] [VirtualScreening] [INFO] [prolif] Diagrama interativo ProLIF
[2026-01-27 18:29:41] [VirtualScreening] [INFO] ======================================================================
[2026-01-27 18:29:41] [VirtualScreening] [INFO] [prolif] ✅ Execução concluída
[2026-01-27 18:29:41] [VirtualScreening] [INFO] [prolif] ⏱️  Tempo: 0.7s
[2026-01-27 18:29:41] [VirtualScreening] [INFO] 
======================================================================
[2026-01-27 18:29:41] [VirtualScreening] [INFO] [relatorio] Compilação do relatório final
[2026-01-27 18:29:41] [VirtualScreening] [INFO] ======================================================================
[2026-01-27 18:29:42] [VirtualScreening] [INFO] [relatorio] ✅ Execução concluída
[2026-01-27 18:29:42] [VirtualScreening] [ERROR] [relatorio] Arquivos de saída não foram criados: ['screening_results/mapk_Iprodione/relatorio_final.html']
[2026-01-27 18:29:42] [VirtualScreening] [ERROR] [relatorio] ❌ Validação de saída falhou
[2026-01-27 18:29:42] [VirtualScreening] [ERROR] ❌ Pipeline falhou no passo: relatorio
[2026-01-27 18:29:42] [VirtualScreening] [INFO] Passo 1/2: Configurando arquivos...
[2026-01-27 18:29:42] [VirtualScreening] [INFO] Preparando pasta para: mapk vs Fludioxonil
[2026-01-27 18:29:42] [VirtualScreening] [INFO] 🔍 Buscando proteína mapk...
[2026-01-27 18:29:42] [VirtualScreening] [INFO] ✅ Encontrado em templates/proteins: mapk.pdb
[2026-01-27 18:29:42] [VirtualScreening] [INFO] ✅ Proteína copiada: templates/proteins/mapk.pdb → screening_results/mapk_Fludioxonil/mapk.pdb
[2026-01-27 18:29:42] [VirtualScreening] [INFO] 🔍 Buscando ligante Fludioxonil...
[2026-01-27 18:29:42] [VirtualScreening] [INFO] ✅ Encontrado em templates/drugs: Fludioxonil.sdf
[2026-01-27 18:29:42] [VirtualScreening] [INFO] ✅ Ligante copiado: templates/drugs/Fludioxonil.sdf → screening_results/mapk_Fludioxonil/Fludioxonil.sdf
[2026-01-27 18:29:42] [VirtualScreening] [INFO] ✅ Pasta preparada com sucesso: screening_results/mapk_Fludioxonil
[2026-01-27 18:29:42] [VirtualScreening] [INFO] Passo 2/2: Executando pipeline de análise...
[2026-01-27 18:29:42] [VirtualScreening] [INFO] 
======================================================================
[2026-01-27 18:29:42] [VirtualScreening] [INFO] [preparacao] Limpeza e conversão PDBQT
[2026-01-27 18:29:42] [VirtualScreening] [INFO] ======================================================================
[2026-01-27 18:29:42] [VirtualScreening] [INFO] [preparacao] ✅ Execução concluída
[2026-01-27 18:29:42] [VirtualScreening] [INFO] [preparacao] ✅ Arquivos de saída validados
[2026-01-27 18:29:42] [VirtualScreening] [INFO] [preparacao] ⏱️  Tempo: 0.5s
[2026-01-27 18:29:42] [VirtualScreening] [INFO] 
======================================================================
[2026-01-27 18:29:42] [VirtualScreening] [INFO] [gridbox] Calculando coordenadas do sítio ativo
[2026-01-27 18:29:42] [VirtualScreening] [INFO] ======================================================================
[2026-01-27 18:29:42] [VirtualScreening] [INFO] [gridbox] ✅ Execução concluída
[2026-01-27 18:29:42] [VirtualScreening] [INFO] [gridbox] ✅ Arquivos de saída validados
[2026-01-27 18:29:42] [VirtualScreening] [INFO] [gridbox] ⏱️  Tempo: 0.2s
[2026-01-27 18:29:42] [VirtualScreening] [INFO] 
======================================================================
[2026-01-27 18:29:42] [VirtualScreening] [INFO] [grid_cego] Blind docking - cobre proteína toda
[2026-01-27 18:29:42] [VirtualScreening] [INFO] ======================================================================
[2026-01-27 18:29:42] [VirtualScreening] [INFO] [grid_cego] ✅ Execução concluída
[2026-01-27 18:29:42] [VirtualScreening] [ERROR] [grid_cego] Arquivos de saída não foram criados: ['screening_results/mapk_Fludioxonil/config_blind.txt']
[2026-01-27 18:29:42] [VirtualScreening] [ERROR] [grid_cego] ❌ Validação de saída falhou
[2026-01-27 18:29:42] [VirtualScreening] [ERROR] ❌ Pipeline falhou no passo: grid_cego
[2026-01-27 18:29:42] [VirtualScreening] [INFO] 
======================================================================
[2026-01-27 18:29:42] [VirtualScreening] [INFO] [docking] Simulação de encaixe molecular (Vina)
[2026-01-27 18:29:42] [VirtualScreening] [INFO] ======================================================================
[2026-01-27 18:29:49] [VirtualScreening] [INFO] [docking] ✅ Execução concluída
[2026-01-27 18:29:49] [VirtualScreening] [INFO] [docking] ✅ Arquivos de saída validados
[2026-01-27 18:29:49] [VirtualScreening] [INFO] [docking] ⏱️  Tempo: 6.8s
[2026-01-27 18:29:49] [VirtualScreening] [INFO] 
======================================================================
[2026-01-27 18:29:49] [VirtualScreening] [INFO] [quimica] Avaliação de propriedades de fármaco
[2026-01-27 18:29:49] [VirtualScreening] [INFO] ======================================================================
[2026-01-27 18:29:49] [VirtualScreening] [ERROR] Comando falhou: python3 /home/brilha/bioinformatica/codigos_mestres/scripts/analise/analise_quimica_completa.py screening_results/mapk_Fludioxonil
Erro: Traceback (most recent call last):
  File "/home/brilha/bioinformatica/codigos_mestres/scripts/analise/analise_quimica_completa.py", line 93, in <module>
    analisar_molecula(arquivo_input)
  File "/home/brilha/bioinformatica/codigos_mestres/scripts/analise/analise_quimica_completa.py", line 10, in analisar_molecula
    suppl = Chem.SDMolSupplier(sdf_path, sanitize=False)
            ^^^^^^^^^^^^^^^^^^^^^^^^^^^^^^^^^^^^^^^^^^^^
OSError: File error: Invalid input file screening_results/mapk_Fludioxonil

[2026-01-27 18:29:49] [VirtualScreening] [ERROR] [quimica] ❌ Execução falhou
[2026-01-27 18:29:49] [VirtualScreening] [ERROR] ❌ Pipeline falhou no passo: quimica
[2026-01-27 18:29:49] [VirtualScreening] [INFO] 
======================================================================
[2026-01-27 18:29:49] [VirtualScreening] [INFO] [plip] Mapeamento de interações atômicas (PLIP)
[2026-01-27 18:29:49] [VirtualScreening] [INFO] ======================================================================
[2026-01-27 18:29:50] [VirtualScreening] [INFO] [plip] ✅ Execução concluída
[2026-01-27 18:29:50] [VirtualScreening] [INFO] [plip] ⏱️  Tempo: 0.6s
[2026-01-27 18:29:50] [VirtualScreening] [INFO] 
======================================================================
[2026-01-27 18:29:50] [VirtualScreening] [INFO] [prolif] Diagrama interativo ProLIF
[2026-01-27 18:29:50] [VirtualScreening] [INFO] ======================================================================
[2026-01-27 18:29:51] [VirtualScreening] [INFO] [prolif] ✅ Execução concluída
[2026-01-27 18:29:51] [VirtualScreening] [INFO] [prolif] ⏱️  Tempo: 0.8s
[2026-01-27 18:29:51] [VirtualScreening] [INFO] 
======================================================================
[2026-01-27 18:29:51] [VirtualScreening] [INFO] [relatorio] Compilação do relatório final
[2026-01-27 18:29:51] [VirtualScreening] [INFO] ======================================================================
[2026-01-27 18:29:51] [VirtualScreening] [INFO] [relatorio] ✅ Execução concluída
[2026-01-27 18:29:51] [VirtualScreening] [ERROR] [relatorio] Arquivos de saída não foram criados: ['screening_results/mapk_Fludioxonil/relatorio_final.html']
[2026-01-27 18:29:51] [VirtualScreening] [ERROR] [relatorio] ❌ Validação de saída falhou
[2026-01-27 18:29:51] [VirtualScreening] [ERROR] ❌ Pipeline falhou no passo: relatorio
[2026-01-27 18:29:51] [VirtualScreening] [INFO] Passo 1/2: Configurando arquivos...
[2026-01-27 18:29:51] [VirtualScreening] [INFO] Preparando pasta para: mapk vs pepstatin_3D_minimizado
[2026-01-27 18:29:51] [VirtualScreening] [INFO] 🔍 Buscando proteína mapk...
[2026-01-27 18:29:51] [VirtualScreening] [INFO] ✅ Encontrado em templates/proteins: mapk.pdb
[2026-01-27 18:29:51] [VirtualScreening] [INFO] ✅ Proteína copiada: templates/proteins/mapk.pdb → screening_results/mapk_pepstatin_3D_minimizado/mapk.pdb
[2026-01-27 18:29:51] [VirtualScreening] [INFO] 🔍 Buscando ligante pepstatin_3D_minimizado...
[2026-01-27 18:29:51] [VirtualScreening] [INFO] ✅ Encontrado em templates/drugs: pepstatin_3D_minimizado.sdf
[2026-01-27 18:29:51] [VirtualScreening] [INFO] ✅ Ligante copiado: templates/drugs/pepstatin_3D_minimizado.sdf → screening_results/mapk_pepstatin_3D_minimizado/pepstatin_3D_minimizado.sdf
[2026-01-27 18:29:51] [VirtualScreening] [INFO] ✅ Pasta preparada com sucesso: screening_results/mapk_pepstatin_3D_minimizado
[2026-01-27 18:29:51] [VirtualScreening] [INFO] Passo 2/2: Executando pipeline de análise...
[2026-01-27 18:29:51] [VirtualScreening] [INFO] 
======================================================================
[2026-01-27 18:29:51] [VirtualScreening] [INFO] [preparacao] Limpeza e conversão PDBQT
[2026-01-27 18:29:51] [VirtualScreening] [INFO] ======================================================================
[2026-01-27 18:29:52] [VirtualScreening] [INFO] [preparacao] ✅ Execução concluída
[2026-01-27 18:29:52] [VirtualScreening] [INFO] [preparacao] ✅ Arquivos de saída validados
[2026-01-27 18:29:52] [VirtualScreening] [INFO] [preparacao] ⏱️  Tempo: 0.8s
[2026-01-27 18:29:52] [VirtualScreening] [INFO] 
======================================================================
[2026-01-27 18:29:52] [VirtualScreening] [INFO] [gridbox] Calculando coordenadas do sítio ativo
[2026-01-27 18:29:52] [VirtualScreening] [INFO] ======================================================================
[2026-01-27 18:29:52] [VirtualScreening] [INFO] [gridbox] ✅ Execução concluída
[2026-01-27 18:29:52] [VirtualScreening] [INFO] [gridbox] ✅ Arquivos de saída validados
[2026-01-27 18:29:52] [VirtualScreening] [INFO] [gridbox] ⏱️  Tempo: 0.2s
[2026-01-27 18:29:52] [VirtualScreening] [INFO] 
======================================================================
[2026-01-27 18:29:52] [VirtualScreening] [INFO] [grid_cego] Blind docking - cobre proteína toda
[2026-01-27 18:29:52] [VirtualScreening] [INFO] ======================================================================
[2026-01-27 18:29:52] [VirtualScreening] [INFO] [grid_cego] ✅ Execução concluída
[2026-01-27 18:29:52] [VirtualScreening] [ERROR] [grid_cego] Arquivos de saída não foram criados: ['screening_results/mapk_pepstatin_3D_minimizado/config_blind.txt']
[2026-01-27 18:29:52] [VirtualScreening] [ERROR] [grid_cego] ❌ Validação de saída falhou
[2026-01-27 18:29:52] [VirtualScreening] [ERROR] ❌ Pipeline falhou no passo: grid_cego
[2026-01-27 18:29:52] [VirtualScreening] [INFO] 
======================================================================
[2026-01-27 18:29:52] [VirtualScreening] [INFO] [docking] Simulação de encaixe molecular (Vina)
[2026-01-27 18:29:52] [VirtualScreening] [INFO] ======================================================================
[2026-01-27 18:31:03] [VirtualScreening] [INFO] [docking] ✅ Execução concluída
[2026-01-27 18:31:03] [VirtualScreening] [INFO] [docking] ✅ Arquivos de saída validados
[2026-01-27 18:31:03] [VirtualScreening] [INFO] [docking] ⏱️  Tempo: 1.2min
[2026-01-27 18:31:03] [VirtualScreening] [INFO] 
======================================================================
[2026-01-27 18:31:03] [VirtualScreening] [INFO] [quimica] Avaliação de propriedades de fármaco
[2026-01-27 18:31:03] [VirtualScreening] [INFO] ======================================================================
[2026-01-27 18:31:03] [VirtualScreening] [ERROR] Comando falhou: python3 /home/brilha/bioinformatica/codigos_mestres/scripts/analise/analise_quimica_completa.py screening_results/mapk_pepstatin_3D_minimizado
Erro: Traceback (most recent call last):
  File "/home/brilha/bioinformatica/codigos_mestres/scripts/analise/analise_quimica_completa.py", line 93, in <module>
    analisar_molecula(arquivo_input)
  File "/home/brilha/bioinformatica/codigos_mestres/scripts/analise/analise_quimica_completa.py", line 10, in analisar_molecula
    suppl = Chem.SDMolSupplier(sdf_path, sanitize=False)
            ^^^^^^^^^^^^^^^^^^^^^^^^^^^^^^^^^^^^^^^^^^^^
OSError: File error: Invalid input file screening_results/mapk_pepstatin_3D_minimizado

[2026-01-27 18:31:03] [VirtualScreening] [ERROR] [quimica] ❌ Execução falhou
[2026-01-27 18:31:03] [VirtualScreening] [ERROR] ❌ Pipeline falhou no passo: quimica
[2026-01-27 18:31:03] [VirtualScreening] [INFO] 
======================================================================
[2026-01-27 18:31:03] [VirtualScreening] [INFO] [plip] Mapeamento de interações atômicas (PLIP)
[2026-01-27 18:31:03] [VirtualScreening] [INFO] ======================================================================
[2026-01-27 18:31:04] [VirtualScreening] [INFO] [plip] ✅ Execução concluída
[2026-01-27 18:31:04] [VirtualScreening] [INFO] [plip] ⏱️  Tempo: 0.6s
[2026-01-27 18:31:04] [VirtualScreening] [INFO] 
======================================================================
[2026-01-27 18:31:04] [VirtualScreening] [INFO] [prolif] Diagrama interativo ProLIF
[2026-01-27 18:31:04] [VirtualScreening] [INFO] ======================================================================
[2026-01-27 18:31:04] [VirtualScreening] [INFO] [prolif] ✅ Execução concluída
[2026-01-27 18:31:04] [VirtualScreening] [INFO] [prolif] ⏱️  Tempo: 0.7s
[2026-01-27 18:31:04] [VirtualScreening] [INFO] 
======================================================================
[2026-01-27 18:31:04] [VirtualScreening] [INFO] [relatorio] Compilação do relatório final
[2026-01-27 18:31:04] [VirtualScreening] [INFO] ======================================================================
[2026-01-27 18:31:04] [VirtualScreening] [INFO] [relatorio] ✅ Execução concluída
[2026-01-27 18:31:04] [VirtualScreening] [ERROR] [relatorio] Arquivos de saída não foram criados: ['screening_results/mapk_pepstatin_3D_minimizado/relatorio_final.html']
[2026-01-27 18:31:04] [VirtualScreening] [ERROR] [relatorio] ❌ Validação de saída falhou
[2026-01-27 18:31:04] [VirtualScreening] [ERROR] ❌ Pipeline falhou no passo: relatorio
[2026-01-27 18:31:04] [VirtualScreening] [INFO] Passo 1/2: Configurando arquivos...
[2026-01-27 18:31:04] [VirtualScreening] [INFO] Preparando pasta para: pdrk vs Iprodione
[2026-01-27 18:31:04] [VirtualScreening] [INFO] 🔍 Buscando proteína pdrk...
[2026-01-27 18:31:04] [VirtualScreening] [INFO] ✅ Encontrado em templates/proteins: pdrk.pdb
[2026-01-27 18:31:04] [VirtualScreening] [INFO] ✅ Proteína copiada: templates/proteins/pdrk.pdb → screening_results/pdrk_Iprodione/pdrk.pdb
[2026-01-27 18:31:04] [VirtualScreening] [INFO] 🔍 Buscando ligante Iprodione...
[2026-01-27 18:31:04] [VirtualScreening] [INFO] ✅ Encontrado em templates/drugs: Iprodione.sdf
[2026-01-27 18:31:04] [VirtualScreening] [INFO] ✅ Ligante copiado: templates/drugs/Iprodione.sdf → screening_results/pdrk_Iprodione/Iprodione.sdf
[2026-01-27 18:31:04] [VirtualScreening] [INFO] ✅ Pasta preparada com sucesso: screening_results/pdrk_Iprodione
[2026-01-27 18:31:04] [VirtualScreening] [INFO] Passo 2/2: Executando pipeline de análise...
[2026-01-27 18:31:04] [VirtualScreening] [INFO] 
======================================================================
[2026-01-27 18:31:04] [VirtualScreening] [INFO] [preparacao] Limpeza e conversão PDBQT
[2026-01-27 18:31:04] [VirtualScreening] [INFO] ======================================================================
[2026-01-27 18:31:05] [VirtualScreening] [INFO] [preparacao] ✅ Execução concluída
[2026-01-27 18:31:05] [VirtualScreening] [INFO] [preparacao] ✅ Arquivos de saída validados
[2026-01-27 18:31:05] [VirtualScreening] [INFO] [preparacao] ⏱️  Tempo: 0.8s
[2026-01-27 18:31:05] [VirtualScreening] [INFO] 
======================================================================
[2026-01-27 18:31:05] [VirtualScreening] [INFO] [gridbox] Calculando coordenadas do sítio ativo
[2026-01-27 18:31:05] [VirtualScreening] [INFO] ======================================================================
[2026-01-27 18:31:05] [VirtualScreening] [INFO] [gridbox] ✅ Execução concluída
[2026-01-27 18:31:05] [VirtualScreening] [INFO] [gridbox] ✅ Arquivos de saída validados
[2026-01-27 18:31:05] [VirtualScreening] [INFO] [gridbox] ⏱️  Tempo: 0.3s
[2026-01-27 18:31:05] [VirtualScreening] [INFO] 
======================================================================
[2026-01-27 18:31:05] [VirtualScreening] [INFO] [grid_cego] Blind docking - cobre proteína toda
[2026-01-27 18:31:05] [VirtualScreening] [INFO] ======================================================================
[2026-01-27 18:31:06] [VirtualScreening] [INFO] [grid_cego] ✅ Execução concluída
[2026-01-27 18:31:06] [VirtualScreening] [ERROR] [grid_cego] Arquivos de saída não foram criados: ['screening_results/pdrk_Iprodione/config_blind.txt']
[2026-01-27 18:31:06] [VirtualScreening] [ERROR] [grid_cego] ❌ Validação de saída falhou
[2026-01-27 18:31:06] [VirtualScreening] [ERROR] ❌ Pipeline falhou no passo: grid_cego
[2026-01-27 18:31:06] [VirtualScreening] [INFO] 
======================================================================
[2026-01-27 18:31:06] [VirtualScreening] [INFO] [docking] Simulação de encaixe molecular (Vina)
[2026-01-27 18:31:06] [VirtualScreening] [INFO] ======================================================================
[2026-01-27 18:31:39] [VirtualScreening] [INFO] [docking] ✅ Execução concluída
[2026-01-27 18:31:39] [VirtualScreening] [INFO] [docking] ✅ Arquivos de saída validados
[2026-01-27 18:31:39] [VirtualScreening] [INFO] [docking] ⏱️  Tempo: 33.8s
[2026-01-27 18:31:39] [VirtualScreening] [INFO] 
======================================================================
[2026-01-27 18:31:39] [VirtualScreening] [INFO] [quimica] Avaliação de propriedades de fármaco
[2026-01-27 18:31:39] [VirtualScreening] [INFO] ======================================================================
[2026-01-27 18:31:40] [VirtualScreening] [ERROR] Comando falhou: python3 /home/brilha/bioinformatica/codigos_mestres/scripts/analise/analise_quimica_completa.py screening_results/pdrk_Iprodione
Erro: Traceback (most recent call last):
  File "/home/brilha/bioinformatica/codigos_mestres/scripts/analise/analise_quimica_completa.py", line 93, in <module>
    analisar_molecula(arquivo_input)
  File "/home/brilha/bioinformatica/codigos_mestres/scripts/analise/analise_quimica_completa.py", line 10, in analisar_molecula
    suppl = Chem.SDMolSupplier(sdf_path, sanitize=False)
            ^^^^^^^^^^^^^^^^^^^^^^^^^^^^^^^^^^^^^^^^^^^^
OSError: File error: Invalid input file screening_results/pdrk_Iprodione

[2026-01-27 18:31:40] [VirtualScreening] [ERROR] [quimica] ❌ Execução falhou
[2026-01-27 18:31:40] [VirtualScreening] [ERROR] ❌ Pipeline falhou no passo: quimica
[2026-01-27 18:31:40] [VirtualScreening] [INFO] 
======================================================================
[2026-01-27 18:31:40] [VirtualScreening] [INFO] [plip] Mapeamento de interações atômicas (PLIP)
[2026-01-27 18:31:40] [VirtualScreening] [INFO] ======================================================================
[2026-01-27 18:31:40] [VirtualScreening] [INFO] [plip] ✅ Execução concluída
[2026-01-27 18:31:40] [VirtualScreening] [INFO] [plip] ⏱️  Tempo: 0.7s
[2026-01-27 18:31:40] [VirtualScreening] [INFO] 
======================================================================
[2026-01-27 18:31:40] [VirtualScreening] [INFO] [prolif] Diagrama interativo ProLIF
[2026-01-27 18:31:40] [VirtualScreening] [INFO] ======================================================================
[2026-01-27 18:31:41] [VirtualScreening] [INFO] [prolif] ✅ Execução concluída
[2026-01-27 18:31:41] [VirtualScreening] [INFO] [prolif] ⏱️  Tempo: 0.8s
[2026-01-27 18:31:41] [VirtualScreening] [INFO] 
======================================================================
[2026-01-27 18:31:41] [VirtualScreening] [INFO] [relatorio] Compilação do relatório final
[2026-01-27 18:31:41] [VirtualScreening] [INFO] ======================================================================
[2026-01-27 18:31:41] [VirtualScreening] [INFO] [relatorio] ✅ Execução concluída
[2026-01-27 18:31:41] [VirtualScreening] [ERROR] [relatorio] Arquivos de saída não foram criados: ['screening_results/pdrk_Iprodione/relatorio_final.html']
[2026-01-27 18:31:41] [VirtualScreening] [ERROR] [relatorio] ❌ Validação de saída falhou
[2026-01-27 18:31:41] [VirtualScreening] [ERROR] ❌ Pipeline falhou no passo: relatorio
[2026-01-27 18:31:41] [VirtualScreening] [INFO] Passo 1/2: Configurando arquivos...
[2026-01-27 18:31:41] [VirtualScreening] [INFO] Preparando pasta para: pdrk vs Fludioxonil
[2026-01-27 18:31:41] [VirtualScreening] [INFO] 🔍 Buscando proteína pdrk...
[2026-01-27 18:31:41] [VirtualScreening] [INFO] ✅ Encontrado em templates/proteins: pdrk.pdb
[2026-01-27 18:31:41] [VirtualScreening] [INFO] ✅ Proteína copiada: templates/proteins/pdrk.pdb → screening_results/pdrk_Fludioxonil/pdrk.pdb
[2026-01-27 18:31:41] [VirtualScreening] [INFO] 🔍 Buscando ligante Fludioxonil...
[2026-01-27 18:31:41] [VirtualScreening] [INFO] ✅ Encontrado em templates/drugs: Fludioxonil.sdf
[2026-01-27 18:31:41] [VirtualScreening] [INFO] ✅ Ligante copiado: templates/drugs/Fludioxonil.sdf → screening_results/pdrk_Fludioxonil/Fludioxonil.sdf
[2026-01-27 18:31:41] [VirtualScreening] [INFO] ✅ Pasta preparada com sucesso: screening_results/pdrk_Fludioxonil
[2026-01-27 18:31:41] [VirtualScreening] [INFO] Passo 2/2: Executando pipeline de análise...
[2026-01-27 18:31:41] [VirtualScreening] [INFO] 
======================================================================
[2026-01-27 18:31:41] [VirtualScreening] [INFO] [preparacao] Limpeza e conversão PDBQT
[2026-01-27 18:31:41] [VirtualScreening] [INFO] ======================================================================
[2026-01-27 18:31:42] [VirtualScreening] [INFO] [preparacao] ✅ Execução concluída
[2026-01-27 18:31:42] [VirtualScreening] [INFO] [preparacao] ✅ Arquivos de saída validados
[2026-01-27 18:31:42] [VirtualScreening] [INFO] [preparacao] ⏱️  Tempo: 0.7s
[2026-01-27 18:31:42] [VirtualScreening] [INFO] 
======================================================================
[2026-01-27 18:31:42] [VirtualScreening] [INFO] [gridbox] Calculando coordenadas do sítio ativo
[2026-01-27 18:31:42] [VirtualScreening] [INFO] ======================================================================
[2026-01-27 18:31:42] [VirtualScreening] [INFO] [gridbox] ✅ Execução concluída
[2026-01-27 18:31:42] [VirtualScreening] [INFO] [gridbox] ✅ Arquivos de saída validados
[2026-01-27 18:31:42] [VirtualScreening] [INFO] [gridbox] ⏱️  Tempo: 0.3s
[2026-01-27 18:31:42] [VirtualScreening] [INFO] 
======================================================================
[2026-01-27 18:31:42] [VirtualScreening] [INFO] [grid_cego] Blind docking - cobre proteína toda
[2026-01-27 18:31:42] [VirtualScreening] [INFO] ======================================================================
[2026-01-27 18:31:42] [VirtualScreening] [INFO] [grid_cego] ✅ Execução concluída
[2026-01-27 18:31:42] [VirtualScreening] [ERROR] [grid_cego] Arquivos de saída não foram criados: ['screening_results/pdrk_Fludioxonil/config_blind.txt']
[2026-01-27 18:31:42] [VirtualScreening] [ERROR] [grid_cego] ❌ Validação de saída falhou
[2026-01-27 18:31:42] [VirtualScreening] [ERROR] ❌ Pipeline falhou no passo: grid_cego
[2026-01-27 18:31:42] [VirtualScreening] [INFO] 
======================================================================
[2026-01-27 18:31:42] [VirtualScreening] [INFO] [docking] Simulação de encaixe molecular (Vina)
[2026-01-27 18:31:42] [VirtualScreening] [INFO] ======================================================================
[2026-01-27 18:32:15] [VirtualScreening] [INFO] [docking] ✅ Execução concluída
[2026-01-27 18:32:15] [VirtualScreening] [INFO] [docking] ✅ Arquivos de saída validados
[2026-01-27 18:32:15] [VirtualScreening] [INFO] [docking] ⏱️  Tempo: 33.0s
[2026-01-27 18:32:15] [VirtualScreening] [INFO] 
======================================================================
[2026-01-27 18:32:15] [VirtualScreening] [INFO] [quimica] Avaliação de propriedades de fármaco
[2026-01-27 18:32:15] [VirtualScreening] [INFO] ======================================================================
[2026-01-27 18:32:16] [VirtualScreening] [ERROR] Comando falhou: python3 /home/brilha/bioinformatica/codigos_mestres/scripts/analise/analise_quimica_completa.py screening_results/pdrk_Fludioxonil
Erro: Traceback (most recent call last):
  File "/home/brilha/bioinformatica/codigos_mestres/scripts/analise/analise_quimica_completa.py", line 93, in <module>
    analisar_molecula(arquivo_input)
  File "/home/brilha/bioinformatica/codigos_mestres/scripts/analise/analise_quimica_completa.py", line 10, in analisar_molecula
    suppl = Chem.SDMolSupplier(sdf_path, sanitize=False)
            ^^^^^^^^^^^^^^^^^^^^^^^^^^^^^^^^^^^^^^^^^^^^
OSError: File error: Invalid input file screening_results/pdrk_Fludioxonil

[2026-01-27 18:32:16] [VirtualScreening] [ERROR] [quimica] ❌ Execução falhou
[2026-01-27 18:32:16] [VirtualScreening] [ERROR] ❌ Pipeline falhou no passo: quimica
[2026-01-27 18:32:16] [VirtualScreening] [INFO] 
======================================================================
[2026-01-27 18:32:16] [VirtualScreening] [INFO] [plip] Mapeamento de interações atômicas (PLIP)
[2026-01-27 18:32:16] [VirtualScreening] [INFO] ======================================================================
[2026-01-27 18:32:16] [VirtualScreening] [INFO] [plip] ✅ Execução concluída
[2026-01-27 18:32:16] [VirtualScreening] [INFO] [plip] ⏱️  Tempo: 0.8s
[2026-01-27 18:32:16] [VirtualScreening] [INFO] 
======================================================================
[2026-01-27 18:32:16] [VirtualScreening] [INFO] [prolif] Diagrama interativo ProLIF
[2026-01-27 18:32:16] [VirtualScreening] [INFO] ======================================================================
[2026-01-27 18:32:17] [VirtualScreening] [INFO] [prolif] ✅ Execução concluída
[2026-01-27 18:32:17] [VirtualScreening] [INFO] [prolif] ⏱️  Tempo: 0.8s
[2026-01-27 18:32:17] [VirtualScreening] [INFO] 
======================================================================
[2026-01-27 18:32:17] [VirtualScreening] [INFO] [relatorio] Compilação do relatório final
[2026-01-27 18:32:17] [VirtualScreening] [INFO] ======================================================================
[2026-01-27 18:32:17] [VirtualScreening] [INFO] [relatorio] ✅ Execução concluída
[2026-01-27 18:32:17] [VirtualScreening] [ERROR] [relatorio] Arquivos de saída não foram criados: ['screening_results/pdrk_Fludioxonil/relatorio_final.html']
[2026-01-27 18:32:17] [VirtualScreening] [ERROR] [relatorio] ❌ Validação de saída falhou
[2026-01-27 18:32:17] [VirtualScreening] [ERROR] ❌ Pipeline falhou no passo: relatorio
[2026-01-27 18:32:17] [VirtualScreening] [INFO] Passo 1/2: Configurando arquivos...
[2026-01-27 18:32:17] [VirtualScreening] [INFO] Preparando pasta para: pdrk vs pepstatin_3D_minimizado
[2026-01-27 18:32:17] [VirtualScreening] [INFO] 🔍 Buscando proteína pdrk...
[2026-01-27 18:32:17] [VirtualScreening] [INFO] ✅ Encontrado em templates/proteins: pdrk.pdb
[2026-01-27 18:32:17] [VirtualScreening] [INFO] ✅ Proteína copiada: templates/proteins/pdrk.pdb → screening_results/pdrk_pepstatin_3D_minimizado/pdrk.pdb
[2026-01-27 18:32:17] [VirtualScreening] [INFO] 🔍 Buscando ligante pepstatin_3D_minimizado...
[2026-01-27 18:32:17] [VirtualScreening] [INFO] ✅ Encontrado em templates/drugs: pepstatin_3D_minimizado.sdf
[2026-01-27 18:32:17] [VirtualScreening] [INFO] ✅ Ligante copiado: templates/drugs/pepstatin_3D_minimizado.sdf → screening_results/pdrk_pepstatin_3D_minimizado/pepstatin_3D_minimizado.sdf
[2026-01-27 18:32:17] [VirtualScreening] [INFO] ✅ Pasta preparada com sucesso: screening_results/pdrk_pepstatin_3D_minimizado
[2026-01-27 18:32:17] [VirtualScreening] [INFO] Passo 2/2: Executando pipeline de análise...
[2026-01-27 18:32:17] [VirtualScreening] [INFO] 
======================================================================
[2026-01-27 18:32:17] [VirtualScreening] [INFO] [preparacao] Limpeza e conversão PDBQT
[2026-01-27 18:32:17] [VirtualScreening] [INFO] ======================================================================
[2026-01-27 18:32:18] [VirtualScreening] [INFO] [preparacao] ✅ Execução concluída
[2026-01-27 18:32:18] [VirtualScreening] [INFO] [preparacao] ✅ Arquivos de saída validados
[2026-01-27 18:32:18] [VirtualScreening] [INFO] [preparacao] ⏱️  Tempo: 1.0s
[2026-01-27 18:32:18] [VirtualScreening] [INFO] 
======================================================================
[2026-01-27 18:32:18] [VirtualScreening] [INFO] [gridbox] Calculando coordenadas do sítio ativo
[2026-01-27 18:32:18] [VirtualScreening] [INFO] ======================================================================
[2026-01-27 18:32:19] [VirtualScreening] [INFO] [gridbox] ✅ Execução concluída
[2026-01-27 18:32:19] [VirtualScreening] [INFO] [gridbox] ✅ Arquivos de saída validados
[2026-01-27 18:32:19] [VirtualScreening] [INFO] [gridbox] ⏱️  Tempo: 0.3s
[2026-01-27 18:32:19] [VirtualScreening] [INFO] 
======================================================================
[2026-01-27 18:32:19] [VirtualScreening] [INFO] [grid_cego] Blind docking - cobre proteína toda
[2026-01-27 18:32:19] [VirtualScreening] [INFO] ======================================================================
[2026-01-27 18:32:19] [VirtualScreening] [INFO] [grid_cego] ✅ Execução concluída
[2026-01-27 18:32:19] [VirtualScreening] [ERROR] [grid_cego] Arquivos de saída não foram criados: ['screening_results/pdrk_pepstatin_3D_minimizado/config_blind.txt']
[2026-01-27 18:32:19] [VirtualScreening] [ERROR] [grid_cego] ❌ Validação de saída falhou
[2026-01-27 18:32:19] [VirtualScreening] [ERROR] ❌ Pipeline falhou no passo: grid_cego
[2026-01-27 18:32:19] [VirtualScreening] [INFO] 
======================================================================
[2026-01-27 18:32:19] [VirtualScreening] [INFO] [docking] Simulação de encaixe molecular (Vina)
[2026-01-27 18:32:19] [VirtualScreening] [INFO] ======================================================================
[2026-01-27 18:33:55] [VirtualScreening] [INFO] [docking] ✅ Execução concluída
[2026-01-27 18:33:55] [VirtualScreening] [INFO] [docking] ✅ Arquivos de saída validados
[2026-01-27 18:33:55] [VirtualScreening] [INFO] [docking] ⏱️  Tempo: 1.6min
[2026-01-27 18:33:55] [VirtualScreening] [INFO] 
======================================================================
[2026-01-27 18:33:55] [VirtualScreening] [INFO] [quimica] Avaliação de propriedades de fármaco
[2026-01-27 18:33:55] [VirtualScreening] [INFO] ======================================================================
[2026-01-27 18:33:55] [VirtualScreening] [ERROR] Comando falhou: python3 /home/brilha/bioinformatica/codigos_mestres/scripts/analise/analise_quimica_completa.py screening_results/pdrk_pepstatin_3D_minimizado
Erro: Traceback (most recent call last):
  File "/home/brilha/bioinformatica/codigos_mestres/scripts/analise/analise_quimica_completa.py", line 93, in <module>
    analisar_molecula(arquivo_input)
  File "/home/brilha/bioinformatica/codigos_mestres/scripts/analise/analise_quimica_completa.py", line 10, in analisar_molecula
    suppl = Chem.SDMolSupplier(sdf_path, sanitize=False)
            ^^^^^^^^^^^^^^^^^^^^^^^^^^^^^^^^^^^^^^^^^^^^
OSError: File error: Invalid input file screening_results/pdrk_pepstatin_3D_minimizado

[2026-01-27 18:33:55] [VirtualScreening] [ERROR] [quimica] ❌ Execução falhou
[2026-01-27 18:33:55] [VirtualScreening] [ERROR] ❌ Pipeline falhou no passo: quimica
[2026-01-27 18:33:55] [VirtualScreening] [INFO] 
======================================================================
[2026-01-27 18:33:55] [VirtualScreening] [INFO] [plip] Mapeamento de interações atômicas (PLIP)
[2026-01-27 18:33:55] [VirtualScreening] [INFO] ======================================================================
[2026-01-27 18:33:56] [VirtualScreening] [INFO] [plip] ✅ Execução concluída
[2026-01-27 18:33:56] [VirtualScreening] [INFO] [plip] ⏱️  Tempo: 0.9s
[2026-01-27 18:33:56] [VirtualScreening] [INFO] 
======================================================================
[2026-01-27 18:33:56] [VirtualScreening] [INFO] [prolif] Diagrama interativo ProLIF
[2026-01-27 18:33:56] [VirtualScreening] [INFO] ======================================================================
[2026-01-27 18:33:56] [VirtualScreening] [INFO] [prolif] ✅ Execução concluída
[2026-01-27 18:33:56] [VirtualScreening] [INFO] [prolif] ⏱️  Tempo: 0.7s
[2026-01-27 18:33:56] [VirtualScreening] [INFO] 
======================================================================
[2026-01-27 18:33:56] [VirtualScreening] [INFO] [relatorio] Compilação do relatório final
[2026-01-27 18:33:56] [VirtualScreening] [INFO] ======================================================================
[2026-01-27 18:33:57] [VirtualScreening] [INFO] [relatorio] ✅ Execução concluída
[2026-01-27 18:33:57] [VirtualScreening] [ERROR] [relatorio] Arquivos de saída não foram criados: ['screening_results/pdrk_pepstatin_3D_minimizado/relatorio_final.html']
[2026-01-27 18:33:57] [VirtualScreening] [ERROR] [relatorio] ❌ Validação de saída falhou
[2026-01-27 18:33:57] [VirtualScreening] [ERROR] ❌ Pipeline falhou no passo: relatorio
[2026-01-27 18:33:57] [VirtualScreening] [INFO] 
======================================================================
[2026-01-27 18:33:57] [VirtualScreening] [INFO] 🏁 TRIAGEM FINALIZADA
[2026-01-27 18:33:57] [VirtualScreening] [INFO] ======================================================================
[2026-01-27 18:33:57] [VirtualScreening] [INFO] ✅ Sucesso: 0
[2026-01-27 18:33:57] [VirtualScreening] [INFO] ❌ Falhas: 6
[2026-01-27 18:33:57] [VirtualScreening] [INFO] ⏱️  Tempo total: 4.4min
[2026-01-27 18:33:57] [VirtualScreening] [INFO] ======================================================================
