[2026-01-27 18:46:52] [VirtualScreening] [INFO] ======================================================================
[2026-01-27 18:46:52] [VirtualScreening] [INFO] 🔍 VERIFICANDO DEPENDÊNCIAS
[2026-01-27 18:46:52] [VirtualScreening] [INFO] ======================================================================
[2026-01-27 18:46:52] [VirtualScreening] [INFO] ✅ Ferramenta encontrada: vina
[2026-01-27 18:46:52] [VirtualScreening] [INFO] ✅ Ferramenta encontrada: obabel
[2026-01-27 18:46:52] [VirtualScreening] [INFO] ✅ Ferramenta encontrada: plip
[2026-01-27 18:46:52] [VirtualScreening] [INFO] ✅ Todas as dependências validadas!

[2026-01-27 18:46:52] [VirtualScreening] [INFO] 📋 Alvos: ['mapk', 'pdrk']
[2026-01-27 18:46:52] [VirtualScreening] [INFO] 💊 Drogas: ['Iprodione', 'Fludioxonil', 'pepstatin_3D_minimizado']
[2026-01-27 18:46:52] [VirtualScreening] [INFO] 📊 Total de combinações: 6

[2026-01-27 18:46:52] [VirtualScreening] [INFO] 
======================================================================
[2026-01-27 18:46:52] [VirtualScreening] [INFO] 📋 SCRIPTS OPCIONAIS DISPONÍVEIS
[2026-01-27 18:46:52] [VirtualScreening] [INFO] ======================================================================
[2026-01-27 18:46:52] [VirtualScreening] [INFO] ✅ Scripts opcionais DESATIVADOS
[2026-01-27 18:46:52] [VirtualScreening] [INFO] Passo 1/2: Configurando arquivos...
[2026-01-27 18:46:52] [VirtualScreening] [INFO] Preparando pasta para: mapk vs Iprodione
[2026-01-27 18:46:52] [VirtualScreening] [INFO] 🔍 Buscando proteína mapk...
[2026-01-27 18:46:52] [VirtualScreening] [INFO] ✅ Encontrado em templates/proteins: mapk.pdb
[2026-01-27 18:46:52] [VirtualScreening] [INFO] ✅ Proteína copiada: templates/proteins/mapk.pdb → screening_results/mapk_Iprodione/mapk.pdb
[2026-01-27 18:46:52] [VirtualScreening] [INFO] 🔍 Buscando ligante Iprodione...
[2026-01-27 18:46:52] [VirtualScreening] [INFO] ✅ Encontrado em templates/drugs: Iprodione.sdf
[2026-01-27 18:46:52] [VirtualScreening] [INFO] ✅ Ligante copiado: templates/drugs/Iprodione.sdf → screening_results/mapk_Iprodione/Iprodione.sdf
[2026-01-27 18:46:52] [VirtualScreening] [INFO] ✅ Pasta preparada com sucesso: screening_results/mapk_Iprodione
[2026-01-27 18:46:52] [VirtualScreening] [INFO] Passo 2/2: Executando pipeline de análise...
[2026-01-27 18:46:52] [VirtualScreening] [INFO] 
======================================================================
[2026-01-27 18:46:52] [VirtualScreening] [INFO] [preparacao] Limpeza e conversão PDBQT
[2026-01-27 18:46:52] [VirtualScreening] [INFO] ======================================================================
[2026-01-27 18:46:52] [VirtualScreening] [INFO] [preparacao] ✅ Execução concluída
[2026-01-27 18:46:52] [VirtualScreening] [INFO] [preparacao] ✅ Arquivos de saída validados
[2026-01-27 18:46:52] [VirtualScreening] [INFO] [preparacao] ⏱️  Tempo: 0.5s
[2026-01-27 18:46:52] [VirtualScreening] [INFO] 
======================================================================
[2026-01-27 18:46:52] [VirtualScreening] [INFO] [gridbox] Calculando coordenadas do sítio ativo
[2026-01-27 18:46:52] [VirtualScreening] [INFO] ======================================================================
[2026-01-27 18:46:53] [VirtualScreening] [INFO] [gridbox] ✅ Execução concluída
[2026-01-27 18:46:53] [VirtualScreening] [INFO] [gridbox] ✅ Arquivos de saída validados
[2026-01-27 18:46:53] [VirtualScreening] [INFO] [gridbox] ⏱️  Tempo: 0.2s
[2026-01-27 18:46:53] [VirtualScreening] [INFO] 
======================================================================
[2026-01-27 18:46:53] [VirtualScreening] [INFO] [grid_cego] Blind docking - cobre proteína toda (fallback se gridbox falhar)
[2026-01-27 18:46:53] [VirtualScreening] [INFO] ======================================================================
[2026-01-27 18:46:53] [VirtualScreening] [INFO] [grid_cego] ✅ Execução concluída
[2026-01-27 18:46:53] [VirtualScreening] [ERROR] [grid_cego] Arquivos de saída não foram criados: ['screening_results/mapk_Iprodione/config_blind.txt']
[2026-01-27 18:46:53] [VirtualScreening] [ERROR] [grid_cego] ❌ Validação de saída falhou
[2026-01-27 18:46:53] [VirtualScreening] [ERROR] ❌ Pipeline falhou no passo: grid_cego
[2026-01-27 18:46:53] [VirtualScreening] [INFO] 
======================================================================
[2026-01-27 18:46:53] [VirtualScreening] [INFO] [docking] Simulação de encaixe molecular (Vina)
[2026-01-27 18:46:53] [VirtualScreening] [INFO] ======================================================================
[2026-01-27 18:47:00] [VirtualScreening] [INFO] [docking] ✅ Execução concluída
[2026-01-27 18:47:00] [VirtualScreening] [INFO] [docking] ✅ Arquivos de saída validados
[2026-01-27 18:47:00] [VirtualScreening] [INFO] [docking] ⏱️  Tempo: 6.9s
[2026-01-27 18:47:00] [VirtualScreening] [INFO] 
======================================================================
[2026-01-27 18:47:00] [VirtualScreening] [INFO] [quimica] Avaliação de propriedades de fármaco
[2026-01-27 18:47:00] [VirtualScreening] [INFO] ======================================================================
[2026-01-27 18:47:00] [VirtualScreening] [ERROR] Comando falhou: python3 /home/brilha/bioinformatica/codigos_mestres/scripts/analise/analise_quimica_completa.py screening_results/mapk_Iprodione
Erro: Traceback (most recent call last):
  File "/home/brilha/bioinformatica/codigos_mestres/scripts/analise/analise_quimica_completa.py", line 93, in <module>
    analisar_molecula(arquivo_input)
  File "/home/brilha/bioinformatica/codigos_mestres/scripts/analise/analise_quimica_completa.py", line 10, in analisar_molecula
    suppl = Chem.SDMolSupplier(sdf_path, sanitize=False)
            ^^^^^^^^^^^^^^^^^^^^^^^^^^^^^^^^^^^^^^^^^^^^
OSError: File error: Invalid input file screening_results/mapk_Iprodione

[2026-01-27 18:47:00] [VirtualScreening] [ERROR] [quimica] ❌ Execução falhou
[2026-01-27 18:47:00] [VirtualScreening] [ERROR] ❌ Pipeline falhou no passo: quimica
[2026-01-27 18:47:00] [VirtualScreening] [INFO] 
======================================================================
[2026-01-27 18:47:00] [VirtualScreening] [INFO] [plip] Mapeamento de interações atômicas (PLIP)
[2026-01-27 18:47:00] [VirtualScreening] [INFO] ======================================================================
[2026-01-27 18:47:00] [VirtualScreening] [INFO] [plip] ✅ Execução concluída
[2026-01-27 18:47:00] [VirtualScreening] [INFO] [plip] ⏱️  Tempo: 0.5s
[2026-01-27 18:47:00] [VirtualScreening] [INFO] 
======================================================================
[2026-01-27 18:47:00] [VirtualScreening] [INFO] [prolif] Diagrama interativo ProLIF
[2026-01-27 18:47:00] [VirtualScreening] [INFO] ======================================================================
[2026-01-27 18:47:01] [VirtualScreening] [INFO] [prolif] ✅ Execução concluída
[2026-01-27 18:47:01] [VirtualScreening] [INFO] [prolif] ⏱️  Tempo: 0.6s
[2026-01-27 18:47:01] [VirtualScreening] [INFO] 
======================================================================
[2026-01-27 18:47:01] [VirtualScreening] [INFO] [relatorio] Compilação do relatório final
[2026-01-27 18:47:01] [VirtualScreening] [INFO] ======================================================================
[2026-01-27 18:47:01] [VirtualScreening] [INFO] [relatorio] ✅ Execução concluída
[2026-01-27 18:47:01] [VirtualScreening] [INFO] [relatorio] ✅ Arquivos de saída validados
[2026-01-27 18:47:01] [VirtualScreening] [INFO] [relatorio] ⏱️  Tempo: 0.2s
[2026-01-27 18:47:01] [VirtualScreening] [INFO] Passo 1/2: Configurando arquivos...
[2026-01-27 18:47:01] [VirtualScreening] [INFO] Preparando pasta para: mapk vs Fludioxonil
[2026-01-27 18:47:01] [VirtualScreening] [INFO] 🔍 Buscando proteína mapk...
[2026-01-27 18:47:01] [VirtualScreening] [INFO] ✅ Encontrado em templates/proteins: mapk.pdb
[2026-01-27 18:47:01] [VirtualScreening] [INFO] ✅ Proteína copiada: templates/proteins/mapk.pdb → screening_results/mapk_Fludioxonil/mapk.pdb
[2026-01-27 18:47:01] [VirtualScreening] [INFO] 🔍 Buscando ligante Fludioxonil...
[2026-01-27 18:47:01] [VirtualScreening] [INFO] ✅ Encontrado em templates/drugs: Fludioxonil.sdf
[2026-01-27 18:47:01] [VirtualScreening] [INFO] ✅ Ligante copiado: templates/drugs/Fludioxonil.sdf → screening_results/mapk_Fludioxonil/Fludioxonil.sdf
[2026-01-27 18:47:01] [VirtualScreening] [INFO] ✅ Pasta preparada com sucesso: screening_results/mapk_Fludioxonil
[2026-01-27 18:47:01] [VirtualScreening] [INFO] Passo 2/2: Executando pipeline de análise...
[2026-01-27 18:47:01] [VirtualScreening] [INFO] 
======================================================================
[2026-01-27 18:47:01] [VirtualScreening] [INFO] [preparacao] Limpeza e conversão PDBQT
[2026-01-27 18:47:01] [VirtualScreening] [INFO] ======================================================================
[2026-01-27 18:47:02] [VirtualScreening] [INFO] [preparacao] ✅ Execução concluída
[2026-01-27 18:47:02] [VirtualScreening] [INFO] [preparacao] ✅ Arquivos de saída validados
[2026-01-27 18:47:02] [VirtualScreening] [INFO] [preparacao] ⏱️  Tempo: 0.5s
[2026-01-27 18:47:02] [VirtualScreening] [INFO] 
======================================================================
[2026-01-27 18:47:02] [VirtualScreening] [INFO] [gridbox] Calculando coordenadas do sítio ativo
[2026-01-27 18:47:02] [VirtualScreening] [INFO] ======================================================================
[2026-01-27 18:47:02] [VirtualScreening] [INFO] [gridbox] ✅ Execução concluída
[2026-01-27 18:47:02] [VirtualScreening] [INFO] [gridbox] ✅ Arquivos de saída validados
[2026-01-27 18:47:02] [VirtualScreening] [INFO] [gridbox] ⏱️  Tempo: 0.2s
[2026-01-27 18:47:02] [VirtualScreening] [INFO] 
======================================================================
[2026-01-27 18:47:02] [VirtualScreening] [INFO] [grid_cego] Blind docking - cobre proteína toda (fallback se gridbox falhar)
[2026-01-27 18:47:02] [VirtualScreening] [INFO] ======================================================================
[2026-01-27 18:47:02] [VirtualScreening] [INFO] [grid_cego] ✅ Execução concluída
[2026-01-27 18:47:02] [VirtualScreening] [ERROR] [grid_cego] Arquivos de saída não foram criados: ['screening_results/mapk_Fludioxonil/config_blind.txt']
[2026-01-27 18:47:02] [VirtualScreening] [ERROR] [grid_cego] ❌ Validação de saída falhou
[2026-01-27 18:47:02] [VirtualScreening] [ERROR] ❌ Pipeline falhou no passo: grid_cego
[2026-01-27 18:47:02] [VirtualScreening] [INFO] 
======================================================================
[2026-01-27 18:47:02] [VirtualScreening] [INFO] [docking] Simulação de encaixe molecular (Vina)
[2026-01-27 18:47:02] [VirtualScreening] [INFO] ======================================================================
[2026-01-27 18:47:09] [VirtualScreening] [INFO] [docking] ✅ Execução concluída
[2026-01-27 18:47:09] [VirtualScreening] [INFO] [docking] ✅ Arquivos de saída validados
[2026-01-27 18:47:09] [VirtualScreening] [INFO] [docking] ⏱️  Tempo: 6.7s
[2026-01-27 18:47:09] [VirtualScreening] [INFO] 
======================================================================
[2026-01-27 18:47:09] [VirtualScreening] [INFO] [quimica] Avaliação de propriedades de fármaco
[2026-01-27 18:47:09] [VirtualScreening] [INFO] ======================================================================
[2026-01-27 18:47:09] [VirtualScreening] [ERROR] Comando falhou: python3 /home/brilha/bioinformatica/codigos_mestres/scripts/analise/analise_quimica_completa.py screening_results/mapk_Fludioxonil
Erro: Traceback (most recent call last):
  File "/home/brilha/bioinformatica/codigos_mestres/scripts/analise/analise_quimica_completa.py", line 93, in <module>
    analisar_molecula(arquivo_input)
  File "/home/brilha/bioinformatica/codigos_mestres/scripts/analise/analise_quimica_completa.py", line 10, in analisar_molecula
    suppl = Chem.SDMolSupplier(sdf_path, sanitize=False)
            ^^^^^^^^^^^^^^^^^^^^^^^^^^^^^^^^^^^^^^^^^^^^
OSError: File error: Invalid input file screening_results/mapk_Fludioxonil

[2026-01-27 18:47:09] [VirtualScreening] [ERROR] [quimica] ❌ Execução falhou
[2026-01-27 18:47:09] [VirtualScreening] [ERROR] ❌ Pipeline falhou no passo: quimica
[2026-01-27 18:47:09] [VirtualScreening] [INFO] 
======================================================================
[2026-01-27 18:47:09] [VirtualScreening] [INFO] [plip] Mapeamento de interações atômicas (PLIP)
[2026-01-27 18:47:09] [VirtualScreening] [INFO] ======================================================================
[2026-01-27 18:47:09] [VirtualScreening] [INFO] [plip] ✅ Execução concluída
[2026-01-27 18:47:09] [VirtualScreening] [INFO] [plip] ⏱️  Tempo: 0.5s
[2026-01-27 18:47:09] [VirtualScreening] [INFO] 
======================================================================
[2026-01-27 18:47:09] [VirtualScreening] [INFO] [prolif] Diagrama interativo ProLIF
[2026-01-27 18:47:09] [VirtualScreening] [INFO] ======================================================================
[2026-01-27 18:47:10] [VirtualScreening] [INFO] [prolif] ✅ Execução concluída
[2026-01-27 18:47:10] [VirtualScreening] [INFO] [prolif] ⏱️  Tempo: 0.6s
[2026-01-27 18:47:10] [VirtualScreening] [INFO] 
======================================================================
[2026-01-27 18:47:10] [VirtualScreening] [INFO] [relatorio] Compilação do relatório final
[2026-01-27 18:47:10] [VirtualScreening] [INFO] ======================================================================
[2026-01-27 18:47:10] [VirtualScreening] [INFO] [relatorio] ✅ Execução concluída
[2026-01-27 18:47:10] [VirtualScreening] [INFO] [relatorio] ✅ Arquivos de saída validados
[2026-01-27 18:47:10] [VirtualScreening] [INFO] [relatorio] ⏱️  Tempo: 0.2s
[2026-01-27 18:47:10] [VirtualScreening] [INFO] Passo 1/2: Configurando arquivos...
[2026-01-27 18:47:10] [VirtualScreening] [INFO] Preparando pasta para: mapk vs pepstatin_3D_minimizado
[2026-01-27 18:47:10] [VirtualScreening] [INFO] 🔍 Buscando proteína mapk...
[2026-01-27 18:47:10] [VirtualScreening] [INFO] ✅ Encontrado em templates/proteins: mapk.pdb
[2026-01-27 18:47:10] [VirtualScreening] [INFO] ✅ Proteína copiada: templates/proteins/mapk.pdb → screening_results/mapk_pepstatin_3D_minimizado/mapk.pdb
[2026-01-27 18:47:10] [VirtualScreening] [INFO] 🔍 Buscando ligante pepstatin_3D_minimizado...
[2026-01-27 18:47:10] [VirtualScreening] [INFO] ✅ Encontrado em templates/drugs: pepstatin_3D_minimizado.sdf
[2026-01-27 18:47:10] [VirtualScreening] [INFO] ✅ Ligante copiado: templates/drugs/pepstatin_3D_minimizado.sdf → screening_results/mapk_pepstatin_3D_minimizado/pepstatin_3D_minimizado.sdf
[2026-01-27 18:47:10] [VirtualScreening] [INFO] ✅ Pasta preparada com sucesso: screening_results/mapk_pepstatin_3D_minimizado
[2026-01-27 18:47:10] [VirtualScreening] [INFO] Passo 2/2: Executando pipeline de análise...
[2026-01-27 18:47:10] [VirtualScreening] [INFO] 
======================================================================
[2026-01-27 18:47:10] [VirtualScreening] [INFO] [preparacao] Limpeza e conversão PDBQT
[2026-01-27 18:47:10] [VirtualScreening] [INFO] ======================================================================
[2026-01-27 18:47:11] [VirtualScreening] [INFO] [preparacao] ✅ Execução concluída
[2026-01-27 18:47:11] [VirtualScreening] [INFO] [preparacao] ✅ Arquivos de saída validados
[2026-01-27 18:47:11] [VirtualScreening] [INFO] [preparacao] ⏱️  Tempo: 0.7s
[2026-01-27 18:47:11] [VirtualScreening] [INFO] 
======================================================================
[2026-01-27 18:47:11] [VirtualScreening] [INFO] [gridbox] Calculando coordenadas do sítio ativo
[2026-01-27 18:47:11] [VirtualScreening] [INFO] ======================================================================
[2026-01-27 18:47:11] [VirtualScreening] [INFO] [gridbox] ✅ Execução concluída
[2026-01-27 18:47:11] [VirtualScreening] [INFO] [gridbox] ✅ Arquivos de saída validados
[2026-01-27 18:47:11] [VirtualScreening] [INFO] [gridbox] ⏱️  Tempo: 0.2s
[2026-01-27 18:47:11] [VirtualScreening] [INFO] 
======================================================================
[2026-01-27 18:47:11] [VirtualScreening] [INFO] [grid_cego] Blind docking - cobre proteína toda (fallback se gridbox falhar)
[2026-01-27 18:47:11] [VirtualScreening] [INFO] ======================================================================
[2026-01-27 18:47:11] [VirtualScreening] [INFO] [grid_cego] ✅ Execução concluída
[2026-01-27 18:47:11] [VirtualScreening] [ERROR] [grid_cego] Arquivos de saída não foram criados: ['screening_results/mapk_pepstatin_3D_minimizado/config_blind.txt']
[2026-01-27 18:47:11] [VirtualScreening] [ERROR] [grid_cego] ❌ Validação de saída falhou
[2026-01-27 18:47:11] [VirtualScreening] [ERROR] ❌ Pipeline falhou no passo: grid_cego
[2026-01-27 18:47:11] [VirtualScreening] [INFO] 
======================================================================
[2026-01-27 18:47:11] [VirtualScreening] [INFO] [docking] Simulação de encaixe molecular (Vina)
[2026-01-27 18:47:11] [VirtualScreening] [INFO] ======================================================================
[2026-01-27 18:48:13] [VirtualScreening] [INFO] [docking] ✅ Execução concluída
[2026-01-27 18:48:13] [VirtualScreening] [INFO] [docking] ✅ Arquivos de saída validados
[2026-01-27 18:48:13] [VirtualScreening] [INFO] [docking] ⏱️  Tempo: 1.0min
[2026-01-27 18:48:13] [VirtualScreening] [INFO] 
======================================================================
[2026-01-27 18:48:13] [VirtualScreening] [INFO] [quimica] Avaliação de propriedades de fármaco
[2026-01-27 18:48:13] [VirtualScreening] [INFO] ======================================================================
[2026-01-27 18:48:13] [VirtualScreening] [ERROR] Comando falhou: python3 /home/brilha/bioinformatica/codigos_mestres/scripts/analise/analise_quimica_completa.py screening_results/mapk_pepstatin_3D_minimizado
Erro: Traceback (most recent call last):
  File "/home/brilha/bioinformatica/codigos_mestres/scripts/analise/analise_quimica_completa.py", line 93, in <module>
    analisar_molecula(arquivo_input)
  File "/home/brilha/bioinformatica/codigos_mestres/scripts/analise/analise_quimica_completa.py", line 10, in analisar_molecula
    suppl = Chem.SDMolSupplier(sdf_path, sanitize=False)
            ^^^^^^^^^^^^^^^^^^^^^^^^^^^^^^^^^^^^^^^^^^^^
OSError: File error: Invalid input file screening_results/mapk_pepstatin_3D_minimizado

[2026-01-27 18:48:13] [VirtualScreening] [ERROR] [quimica] ❌ Execução falhou
[2026-01-27 18:48:13] [VirtualScreening] [ERROR] ❌ Pipeline falhou no passo: quimica
[2026-01-27 18:48:13] [VirtualScreening] [INFO] 
======================================================================
[2026-01-27 18:48:13] [VirtualScreening] [INFO] [plip] Mapeamento de interações atômicas (PLIP)
[2026-01-27 18:48:13] [VirtualScreening] [INFO] ======================================================================
[2026-01-27 18:48:14] [VirtualScreening] [INFO] [plip] ✅ Execução concluída
[2026-01-27 18:48:14] [VirtualScreening] [INFO] [plip] ⏱️  Tempo: 0.6s
[2026-01-27 18:48:14] [VirtualScreening] [INFO] 
======================================================================
[2026-01-27 18:48:14] [VirtualScreening] [INFO] [prolif] Diagrama interativo ProLIF
[2026-01-27 18:48:14] [VirtualScreening] [INFO] ======================================================================
[2026-01-27 18:48:14] [VirtualScreening] [INFO] [prolif] ✅ Execução concluída
[2026-01-27 18:48:14] [VirtualScreening] [INFO] [prolif] ⏱️  Tempo: 0.6s
[2026-01-27 18:48:14] [VirtualScreening] [INFO] 
======================================================================
[2026-01-27 18:48:14] [VirtualScreening] [INFO] [relatorio] Compilação do relatório final
[2026-01-27 18:48:14] [VirtualScreening] [INFO] ======================================================================
[2026-01-27 18:48:15] [VirtualScreening] [INFO] [relatorio] ✅ Execução concluída
[2026-01-27 18:48:15] [VirtualScreening] [INFO] [relatorio] ✅ Arquivos de saída validados
[2026-01-27 18:48:15] [VirtualScreening] [INFO] [relatorio] ⏱️  Tempo: 0.2s
[2026-01-27 18:48:15] [VirtualScreening] [INFO] Passo 1/2: Configurando arquivos...
[2026-01-27 18:48:15] [VirtualScreening] [INFO] Preparando pasta para: pdrk vs Iprodione
[2026-01-27 18:48:15] [VirtualScreening] [INFO] 🔍 Buscando proteína pdrk...
[2026-01-27 18:48:15] [VirtualScreening] [INFO] ✅ Encontrado em templates/proteins: pdrk.pdb
[2026-01-27 18:48:15] [VirtualScreening] [INFO] ✅ Proteína copiada: templates/proteins/pdrk.pdb → screening_results/pdrk_Iprodione/pdrk.pdb
[2026-01-27 18:48:15] [VirtualScreening] [INFO] 🔍 Buscando ligante Iprodione...
[2026-01-27 18:48:15] [VirtualScreening] [INFO] ✅ Encontrado em templates/drugs: Iprodione.sdf
[2026-01-27 18:48:15] [VirtualScreening] [INFO] ✅ Ligante copiado: templates/drugs/Iprodione.sdf → screening_results/pdrk_Iprodione/Iprodione.sdf
[2026-01-27 18:48:15] [VirtualScreening] [INFO] ✅ Pasta preparada com sucesso: screening_results/pdrk_Iprodione
[2026-01-27 18:48:15] [VirtualScreening] [INFO] Passo 2/2: Executando pipeline de análise...
[2026-01-27 18:48:15] [VirtualScreening] [INFO] 
======================================================================
[2026-01-27 18:48:15] [VirtualScreening] [INFO] [preparacao] Limpeza e conversão PDBQT
[2026-01-27 18:48:15] [VirtualScreening] [INFO] ======================================================================
[2026-01-27 18:48:15] [VirtualScreening] [INFO] [preparacao] ✅ Execução concluída
[2026-01-27 18:48:15] [VirtualScreening] [INFO] [preparacao] ✅ Arquivos de saída validados
[2026-01-27 18:48:15] [VirtualScreening] [INFO] [preparacao] ⏱️  Tempo: 0.7s
[2026-01-27 18:48:15] [VirtualScreening] [INFO] 
======================================================================
[2026-01-27 18:48:15] [VirtualScreening] [INFO] [gridbox] Calculando coordenadas do sítio ativo
[2026-01-27 18:48:15] [VirtualScreening] [INFO] ======================================================================
[2026-01-27 18:48:15] [VirtualScreening] [INFO] [gridbox] ✅ Execução concluída
[2026-01-27 18:48:15] [VirtualScreening] [INFO] [gridbox] ✅ Arquivos de saída validados
[2026-01-27 18:48:15] [VirtualScreening] [INFO] [gridbox] ⏱️  Tempo: 0.2s
[2026-01-27 18:48:15] [VirtualScreening] [INFO] 
======================================================================
[2026-01-27 18:48:15] [VirtualScreening] [INFO] [grid_cego] Blind docking - cobre proteína toda (fallback se gridbox falhar)
[2026-01-27 18:48:15] [VirtualScreening] [INFO] ======================================================================
[2026-01-27 18:48:16] [VirtualScreening] [INFO] [grid_cego] ✅ Execução concluída
[2026-01-27 18:48:16] [VirtualScreening] [ERROR] [grid_cego] Arquivos de saída não foram criados: ['screening_results/pdrk_Iprodione/config_blind.txt']
[2026-01-27 18:48:16] [VirtualScreening] [ERROR] [grid_cego] ❌ Validação de saída falhou
[2026-01-27 18:48:16] [VirtualScreening] [ERROR] ❌ Pipeline falhou no passo: grid_cego
[2026-01-27 18:48:16] [VirtualScreening] [INFO] 
======================================================================
[2026-01-27 18:48:16] [VirtualScreening] [INFO] [docking] Simulação de encaixe molecular (Vina)
[2026-01-27 18:48:16] [VirtualScreening] [INFO] ======================================================================
[2026-01-27 18:48:48] [VirtualScreening] [INFO] [docking] ✅ Execução concluída
[2026-01-27 18:48:48] [VirtualScreening] [INFO] [docking] ✅ Arquivos de saída validados
[2026-01-27 18:48:48] [VirtualScreening] [INFO] [docking] ⏱️  Tempo: 32.7s
[2026-01-27 18:48:48] [VirtualScreening] [INFO] 
======================================================================
[2026-01-27 18:48:48] [VirtualScreening] [INFO] [quimica] Avaliação de propriedades de fármaco
[2026-01-27 18:48:48] [VirtualScreening] [INFO] ======================================================================
[2026-01-27 18:48:48] [VirtualScreening] [ERROR] Comando falhou: python3 /home/brilha/bioinformatica/codigos_mestres/scripts/analise/analise_quimica_completa.py screening_results/pdrk_Iprodione
Erro: Traceback (most recent call last):
  File "/home/brilha/bioinformatica/codigos_mestres/scripts/analise/analise_quimica_completa.py", line 93, in <module>
    analisar_molecula(arquivo_input)
  File "/home/brilha/bioinformatica/codigos_mestres/scripts/analise/analise_quimica_completa.py", line 10, in analisar_molecula
    suppl = Chem.SDMolSupplier(sdf_path, sanitize=False)
            ^^^^^^^^^^^^^^^^^^^^^^^^^^^^^^^^^^^^^^^^^^^^
OSError: File error: Invalid input file screening_results/pdrk_Iprodione

[2026-01-27 18:48:48] [VirtualScreening] [ERROR] [quimica] ❌ Execução falhou
[2026-01-27 18:48:48] [VirtualScreening] [ERROR] ❌ Pipeline falhou no passo: quimica
[2026-01-27 18:48:48] [VirtualScreening] [INFO] 
======================================================================
[2026-01-27 18:48:48] [VirtualScreening] [INFO] [plip] Mapeamento de interações atômicas (PLIP)
[2026-01-27 18:48:48] [VirtualScreening] [INFO] ======================================================================
[2026-01-27 18:48:49] [VirtualScreening] [INFO] [plip] ✅ Execução concluída
[2026-01-27 18:48:49] [VirtualScreening] [INFO] [plip] ⏱️  Tempo: 0.7s
[2026-01-27 18:48:49] [VirtualScreening] [INFO] 
======================================================================
[2026-01-27 18:48:49] [VirtualScreening] [INFO] [prolif] Diagrama interativo ProLIF
[2026-01-27 18:48:49] [VirtualScreening] [INFO] ======================================================================
[2026-01-27 18:48:50] [VirtualScreening] [INFO] [prolif] ✅ Execução concluída
[2026-01-27 18:48:50] [VirtualScreening] [INFO] [prolif] ⏱️  Tempo: 0.7s
[2026-01-27 18:48:50] [VirtualScreening] [INFO] 
======================================================================
[2026-01-27 18:48:50] [VirtualScreening] [INFO] [relatorio] Compilação do relatório final
[2026-01-27 18:48:50] [VirtualScreening] [INFO] ======================================================================
[2026-01-27 18:48:50] [VirtualScreening] [INFO] [relatorio] ✅ Execução concluída
[2026-01-27 18:48:50] [VirtualScreening] [INFO] [relatorio] ✅ Arquivos de saída validados
[2026-01-27 18:48:50] [VirtualScreening] [INFO] [relatorio] ⏱️  Tempo: 0.2s
[2026-01-27 18:48:50] [VirtualScreening] [INFO] Passo 1/2: Configurando arquivos...
[2026-01-27 18:48:50] [VirtualScreening] [INFO] Preparando pasta para: pdrk vs Fludioxonil
[2026-01-27 18:48:50] [VirtualScreening] [INFO] 🔍 Buscando proteína pdrk...
[2026-01-27 18:48:50] [VirtualScreening] [INFO] ✅ Encontrado em templates/proteins: pdrk.pdb
[2026-01-27 18:48:50] [VirtualScreening] [INFO] ✅ Proteína copiada: templates/proteins/pdrk.pdb → screening_results/pdrk_Fludioxonil/pdrk.pdb
[2026-01-27 18:48:50] [VirtualScreening] [INFO] 🔍 Buscando ligante Fludioxonil...
[2026-01-27 18:48:50] [VirtualScreening] [INFO] ✅ Encontrado em templates/drugs: Fludioxonil.sdf
[2026-01-27 18:48:50] [VirtualScreening] [INFO] ✅ Ligante copiado: templates/drugs/Fludioxonil.sdf → screening_results/pdrk_Fludioxonil/Fludioxonil.sdf
[2026-01-27 18:48:50] [VirtualScreening] [INFO] ✅ Pasta preparada com sucesso: screening_results/pdrk_Fludioxonil
[2026-01-27 18:48:50] [VirtualScreening] [INFO] Passo 2/2: Executando pipeline de análise...
[2026-01-27 18:48:50] [VirtualScreening] [INFO] 
======================================================================
[2026-01-27 18:48:50] [VirtualScreening] [INFO] [preparacao] Limpeza e conversão PDBQT
[2026-01-27 18:48:50] [VirtualScreening] [INFO] ======================================================================
[2026-01-27 18:48:51] [VirtualScreening] [INFO] [preparacao] ✅ Execução concluída
[2026-01-27 18:48:51] [VirtualScreening] [INFO] [preparacao] ✅ Arquivos de saída validados
[2026-01-27 18:48:51] [VirtualScreening] [INFO] [preparacao] ⏱️  Tempo: 0.7s
[2026-01-27 18:48:51] [VirtualScreening] [INFO] 
======================================================================
[2026-01-27 18:48:51] [VirtualScreening] [INFO] [gridbox] Calculando coordenadas do sítio ativo
[2026-01-27 18:48:51] [VirtualScreening] [INFO] ======================================================================
[2026-01-27 18:48:51] [VirtualScreening] [INFO] [gridbox] ✅ Execução concluída
[2026-01-27 18:48:51] [VirtualScreening] [INFO] [gridbox] ✅ Arquivos de saída validados
[2026-01-27 18:48:51] [VirtualScreening] [INFO] [gridbox] ⏱️  Tempo: 0.2s
[2026-01-27 18:48:51] [VirtualScreening] [INFO] 
======================================================================
[2026-01-27 18:48:51] [VirtualScreening] [INFO] [grid_cego] Blind docking - cobre proteína toda (fallback se gridbox falhar)
[2026-01-27 18:48:51] [VirtualScreening] [INFO] ======================================================================
[2026-01-27 18:48:51] [VirtualScreening] [INFO] [grid_cego] ✅ Execução concluída
[2026-01-27 18:48:51] [VirtualScreening] [ERROR] [grid_cego] Arquivos de saída não foram criados: ['screening_results/pdrk_Fludioxonil/config_blind.txt']
[2026-01-27 18:48:51] [VirtualScreening] [ERROR] [grid_cego] ❌ Validação de saída falhou
[2026-01-27 18:48:51] [VirtualScreening] [ERROR] ❌ Pipeline falhou no passo: grid_cego
[2026-01-27 18:48:51] [VirtualScreening] [INFO] 
======================================================================
[2026-01-27 18:48:51] [VirtualScreening] [INFO] [docking] Simulação de encaixe molecular (Vina)
[2026-01-27 18:48:51] [VirtualScreening] [INFO] ======================================================================
